Archive member included to satisfy reference by file (symbol)

c:/nxp/mcuxpressoide_11.0.1_2563/ide/plugins/com.nxp.mcuxpresso.tools.win32_11.0.1.201907311258/tools/bin/../lib/gcc/arm-none-eabi/8.2.1/../../../../arm-none-eabi/lib/thumb/v6-m/nofp\libcr_c.a(memcpy.o)
                              ./drivers/fsl_flash.o (memcpy)
c:/nxp/mcuxpressoide_11.0.1_2563/ide/plugins/com.nxp.mcuxpresso.tools.win32_11.0.1.201907311258/tools/bin/../lib/gcc/arm-none-eabi/8.2.1/../../../../arm-none-eabi/lib/thumb/v6-m/nofp\libcr_c.a(memset.o)
                              ./drivers/fsl_flash.o (memset)
c:/nxp/mcuxpressoide_11.0.1_2563/ide/plugins/com.nxp.mcuxpresso.tools.win32_11.0.1.201907311258/tools/bin/../lib/gcc/arm-none-eabi/8.2.1/../../../../arm-none-eabi/lib/thumb/v6-m/nofp\libcr_c.a(fpprintf.o)
                              ./source/led.o (printf)
c:/nxp/mcuxpressoide_11.0.1_2563/ide/plugins/com.nxp.mcuxpresso.tools.win32_11.0.1.201907311258/tools/bin/../lib/gcc/arm-none-eabi/8.2.1/../../../../arm-none-eabi/lib/thumb/v6-m/nofp\libcr_c.a(printf.o)
                              c:/nxp/mcuxpressoide_11.0.1_2563/ide/plugins/com.nxp.mcuxpresso.tools.win32_11.0.1.201907311258/tools/bin/../lib/gcc/arm-none-eabi/8.2.1/../../../../arm-none-eabi/lib/thumb/v6-m/nofp\libcr_c.a(fpprintf.o) (__vfprintf)
c:/nxp/mcuxpressoide_11.0.1_2563/ide/plugins/com.nxp.mcuxpresso.tools.win32_11.0.1.201907311258/tools/bin/../lib/gcc/arm-none-eabi/8.2.1/../../../../arm-none-eabi/lib/thumb/v6-m/nofp\libcr_c.a(strlen.o)
                              ./utilities/fsl_debug_console.o (strlen)
c:/nxp/mcuxpressoide_11.0.1_2563/ide/plugins/com.nxp.mcuxpresso.tools.win32_11.0.1.201907311258/tools/bin/../lib/gcc/arm-none-eabi/8.2.1/../../../../arm-none-eabi/lib/thumb/v6-m/nofp\libcr_c.a(_deferredlazyseek.o)
                              c:/nxp/mcuxpressoide_11.0.1_2563/ide/plugins/com.nxp.mcuxpresso.tools.win32_11.0.1.201907311258/tools/bin/../lib/gcc/arm-none-eabi/8.2.1/../../../../arm-none-eabi/lib/thumb/v6-m/nofp\libcr_c.a(fpprintf.o) (__flsbuf)
c:/nxp/mcuxpressoide_11.0.1_2563/ide/plugins/com.nxp.mcuxpresso.tools.win32_11.0.1.201907311258/tools/bin/../lib/gcc/arm-none-eabi/8.2.1/../../../../arm-none-eabi/lib/thumb/v6-m/nofp\libcr_c.a(_fflush.o)
                              c:/nxp/mcuxpressoide_11.0.1_2563/ide/plugins/com.nxp.mcuxpresso.tools.win32_11.0.1.201907311258/tools/bin/../lib/gcc/arm-none-eabi/8.2.1/../../../../arm-none-eabi/lib/thumb/v6-m/nofp\libcr_c.a(_deferredlazyseek.o) (_fflush)
c:/nxp/mcuxpressoide_11.0.1_2563/ide/plugins/com.nxp.mcuxpresso.tools.win32_11.0.1.201907311258/tools/bin/../lib/gcc/arm-none-eabi/8.2.1/../../../../arm-none-eabi/lib/thumb/v6-m/nofp\libcr_c.a(_frexpl.o)
                              c:/nxp/mcuxpressoide_11.0.1_2563/ide/plugins/com.nxp.mcuxpresso.tools.win32_11.0.1.201907311258/tools/bin/../lib/gcc/arm-none-eabi/8.2.1/../../../../arm-none-eabi/lib/thumb/v6-m/nofp\libcr_c.a(fpprintf.o) (_frexpl)
c:/nxp/mcuxpressoide_11.0.1_2563/ide/plugins/com.nxp.mcuxpresso.tools.win32_11.0.1.201907311258/tools/bin/../lib/gcc/arm-none-eabi/8.2.1/../../../../arm-none-eabi/lib/thumb/v6-m/nofp\libcr_c.a(_ldexpl.o)
                              c:/nxp/mcuxpressoide_11.0.1_2563/ide/plugins/com.nxp.mcuxpresso.tools.win32_11.0.1.201907311258/tools/bin/../lib/gcc/arm-none-eabi/8.2.1/../../../../arm-none-eabi/lib/thumb/v6-m/nofp\libcr_c.a(fpprintf.o) (_ldexpl)
c:/nxp/mcuxpressoide_11.0.1_2563/ide/plugins/com.nxp.mcuxpresso.tools.win32_11.0.1.201907311258/tools/bin/../lib/gcc/arm-none-eabi/8.2.1/../../../../arm-none-eabi/lib/thumb/v6-m/nofp\libcr_c.a(_writebuf.o)
                              c:/nxp/mcuxpressoide_11.0.1_2563/ide/plugins/com.nxp.mcuxpresso.tools.win32_11.0.1.201907311258/tools/bin/../lib/gcc/arm-none-eabi/8.2.1/../../../../arm-none-eabi/lib/thumb/v6-m/nofp\libcr_c.a(_deferredlazyseek.o) (_Cwritebuf)
c:/nxp/mcuxpressoide_11.0.1_2563/ide/plugins/com.nxp.mcuxpresso.tools.win32_11.0.1.201907311258/tools/bin/../lib/gcc/arm-none-eabi/8.2.1/../../../../arm-none-eabi/lib/thumb/v6-m/nofp\libcr_c.a(alloc.o)
                              c:/nxp/mcuxpressoide_11.0.1_2563/ide/plugins/com.nxp.mcuxpresso.tools.win32_11.0.1.201907311258/tools/bin/../lib/gcc/arm-none-eabi/8.2.1/../../../../arm-none-eabi/lib/thumb/v6-m/nofp\libcr_c.a(fpprintf.o) (malloc)
c:/nxp/mcuxpressoide_11.0.1_2563/ide/plugins/com.nxp.mcuxpresso.tools.win32_11.0.1.201907311258/tools/bin/../lib/gcc/arm-none-eabi/8.2.1/../../../../arm-none-eabi/lib/thumb/v6-m/nofp\libcr_c.a(errno.o)
                              c:/nxp/mcuxpressoide_11.0.1_2563/ide/plugins/com.nxp.mcuxpresso.tools.win32_11.0.1.201907311258/tools/bin/../lib/gcc/arm-none-eabi/8.2.1/../../../../arm-none-eabi/lib/thumb/v6-m/nofp\libcr_c.a(_ldexpl.o) (errno)
c:/nxp/mcuxpressoide_11.0.1_2563/ide/plugins/com.nxp.mcuxpresso.tools.win32_11.0.1.201907311258/tools/bin/../lib/gcc/arm-none-eabi/8.2.1/../../../../arm-none-eabi/lib/thumb/v6-m/nofp\libcr_c.a(fseek.o)
[...]
Memory Configuration

Name             Origin             Length             Attributes
PROGRAM_FLASH    0x00000000         0x00020000         xr
SRAM             0x1ffff000         0x00004000         xrw
*default*        0x00000000         0xffffffff

Linker script and memory map

LOAD ./source/project2.o
LOAD ./source/led.o
LOAD ./source/mtb.o
LOAD ./source/semihost_hardfault.o
LOAD ./startup/startup_mkl25z4.o
LOAD ./CMSIS/system_MKL25Z4.o
LOAD ./utilities/fsl_debug_console.o
LOAD ./drivers/fsl_clock.o
LOAD ./drivers/fsl_common.o
LOAD ./drivers/fsl_flash.o
LOAD ./drivers/fsl_gpio.o
LOAD ./drivers/fsl_lpsci.o
LOAD ./drivers/fsl_smc.o
LOAD ./drivers/fsl_uart.o
LOAD ./board/board.o
LOAD ./board/clock_config.o
LOAD ./board/peripherals.o
LOAD ./board/pin_mux.o
START GROUP
LOAD c:/nxp/mcuxpressoide_11.0.1_2563/ide/plugins/com.nxp.mcuxpresso.tools.win32_11.0.1.201907311258/tools/bin/../lib/gcc/arm-none-eabi/8.2.1/../../../../arm-none-eabi/lib/thumb/v6-m/nofp\libcr_semihost_nf.a
LOAD c:/nxp/mcuxpressoide_11.0.1_2563/ide/plugins/com.nxp.mcuxpresso.tools.win32_11.0.1.201907311258/tools/bin/../lib/gcc/arm-none-eabi/8.2.1/../../../../arm-none-eabi/lib/thumb/v6-m/nofp\libcr_c.a
LOAD c:/nxp/mcuxpressoide_11.0.1_2563/ide/plugins/com.nxp.mcuxpresso.tools.win32_11.0.1.201907311258/tools/bin/../lib/gcc/arm-none-eabi/8.2.1/thumb/v6-m/nofp\libcr_eabihelpers.a
LOAD c:/nxp/mcuxpressoide_11.0.1_2563/ide/plugins/com.nxp.mcuxpresso.tools.win32_11.0.1.201907311258/tools/bin/../lib/gcc/arm-none-eabi/8.2.1/thumb/v6-m/nofp\libgcc.a
END GROUP
                0x00000000                __base_PROGRAM_FLASH = 0x0
                0x00000000                __base_Flash = 0x0
                0x00020000                __top_PROGRAM_FLASH = 0x20000
                0x00020000                __top_Flash = 0x20000
                0x1ffff000                __base_SRAM = 0x1ffff000
                0x1ffff000                __base_RAM = 0x1ffff000
                0x20003000                __top_SRAM = 0x20003000
                0x20003000                __top_RAM = 0x20003000

.text           0x00000000     0x4d88
 FILL mask 0xff
                0x00000000                __vectors_start__ = ABSOLUTE (.)
 *(.isr_vector)
 .isr_vector    0x00000000       0xc0 ./startup/startup_mkl25z4.o
                0x00000000                g_pfnVectors
                0x00000000                __Vectors
                0x000000c0                . = ALIGN (0x4)
                0x000000c0                __section_table_start = .
                0x000000c0                __data_section_table = .
                0x000000c0        0x4 LONG 0x4d88 LOADADDR (.data)
                0x000000c4        0x4 LONG 0x1ffff080 ADDR (.data)
                0x000000c8        0x4 LONG 0x8 SIZEOF (.data)
                0x000000cc                __data_section_table_end = .
                0x000000cc                __bss_section_table = .
                0x000000cc        0x4 LONG 0x1ffff088 ADDR (.bss)
                0x000000d0        0x4 LONG 0xf4 SIZEOF (.bss)
                0x000000d4                __bss_section_table_end = .
                0x000000d4                __section_table_end = .
 *(.after_vectors*)
 .after_vectors.init_data
                0x000000d4       0x40 ./startup/startup_mkl25z4.o
                0x000000d4                data_init
 .after_vectors.init_bss
                0x00000114       0x34 ./startup/startup_mkl25z4.o
                0x00000114                bss_init
 .after_vectors.reset
                0x00000148       0x84 ./startup/startup_mkl25z4.o
                0x00000148                ResetISR
 .after_vectors
                0x000001cc      0x1e4 ./startup/startup_mkl25z4.o
                0x000001cc                NMI_Handler
                0x000001d8                SVC_Handler
                0x000001de                PendSV_Handler
                0x000001e4                SysTick_Handler
                0x000001ea                LPTMR0_DriverIRQHandler
                0x000001ea                Reserved39_DriverIRQHandler
                0x000001ea                DMA0_DriverIRQHandler
                0x000001ea                SPI1_DriverIRQHandler
                0x000001ea                I2C0_DriverIRQHandler
                0x000001ea                PORTD_DriverIRQHandler
                0x000001ea                DMA2_DriverIRQHandler
                0x000001ea                CMP0_DriverIRQHandler
                0x000001ea                TPM2_DriverIRQHandler
                0x000001ea                ADC0_DriverIRQHandler
                0x000001ea                SPI0_DriverIRQHandler
                0x000001ea                TSI0_DriverIRQHandler
                0x000001ea                RTC_Seconds_DriverIRQHandler
                0x000001ea                I2C1_DriverIRQHandler
                0x000001ea                DMA1_DriverIRQHandler
                0x000001ea                LLWU_DriverIRQHandler
                0x000001ea                MCG_DriverIRQHandler
                0x000001ea                PIT_DriverIRQHandler
                0x000001ea                RTC_DriverIRQHandler
                0x000001ea                TPM1_DriverIRQHandler
                0x000001ea                FTFA_DriverIRQHandler
                0x000001ea                IntDefaultHandler
                0x000001ea                USB0_DriverIRQHandler
                0x000001ea                DAC0_DriverIRQHandler
                0x000001ea                PORTA_DriverIRQHandler
                0x000001ea                LVD_LVW_DriverIRQHandler
                0x000001ea                TPM0_DriverIRQHandler
                0x000001ea                Reserved45_DriverIRQHandler
                0x000001ea                DMA3_DriverIRQHandler
                0x000001ea                Reserved20_DriverIRQHandler
                0x000001f0                DMA0_IRQHandler
                0x000001fe                DMA1_IRQHandler
                0x0000020c                DMA2_IRQHandler
                0x0000021a                DMA3_IRQHandler
                0x00000228                Reserved20_IRQHandler
                0x00000236                FTFA_IRQHandler
                0x00000244                LVD_LVW_IRQHandler
                0x00000252                LLWU_IRQHandler
                0x00000260                I2C0_IRQHandler
                0x0000026e                I2C1_IRQHandler
                0x0000027c                SPI0_IRQHandler
                0x0000028a                SPI1_IRQHandler
                0x00000298                UART0_IRQHandler
                0x000002a6                UART1_IRQHandler
                0x000002b4                UART2_IRQHandler
                0x000002c2                ADC0_IRQHandler
                0x000002d0                CMP0_IRQHandler
                0x000002de                TPM0_IRQHandler
                0x000002ec                TPM1_IRQHandler
                0x000002fa                TPM2_IRQHandler
                0x00000308                RTC_IRQHandler
                0x00000316                RTC_Seconds_IRQHandler
                0x00000324                PIT_IRQHandler
                0x00000332                Reserved39_IRQHandler
                0x00000340                USB0_IRQHandler
                0x0000034e                DAC0_IRQHandler
                0x0000035c                TSI0_IRQHandler
                0x0000036a                MCG_IRQHandler
                0x00000378                LPTMR0_IRQHandler
                0x00000386                Reserved45_IRQHandler
                0x00000394                PORTA_IRQHandler
                0x000003a2                PORTD_IRQHandler
                0x00000400                . = 0x400
 *fill*         0x000003b0       0x50 ff
                0x00000400                PROVIDE (__FLASH_CONFIG_START__ = .)
 *(.FlashConfig)
 .FlashConfig   0x00000400       0x10 ./startup/startup_mkl25z4.o
                0x00000400                Flash_Config
                0x00000410                PROVIDE (__FLASH_CONFIG_END__ = .)
                0x00000001                ASSERT (! ((__FLASH_CONFIG_START__ == __FLASH_CONFIG_END__)), Linker Flash Config Support Enabled, but no .FlashConfig section provided within application)
 *(.text*)
 .text.main     0x00000410      0x108 ./source/project2.o
                0x00000410                main
 .text.delay    0x00000518       0x20 ./source/project2.o
                0x00000518                delay
 .text.GPIO_WritePinOutput
                0x00000538       0x34 ./source/led.o
 .text.GPIO_TogglePinsOutput
                0x0000056c       0x18 ./source/led.o
 .text.initializeLEDs
                0x00000584       0x60 ./source/led.o
                0x00000584                initializeLEDs
 .text.toggleLED
                0x000005e4      0x118 ./source/led.o
                0x000005e4                toggleLED
 .text.HardFault_Handler
                0x000006fc       0x30 ./source/semihost_hardfault.o
                0x000006fc                HardFault_Handler
 .text.SystemInit
                0x0000072c       0x18 ./CMSIS/system_MKL25Z4.o
                0x0000072c                SystemInit
 .text.UART_EnableTx
                0x00000744       0x40 ./utilities/fsl_debug_console.o
 .text.UART_EnableRx
                0x00000784       0x40 ./utilities/fsl_debug_console.o
 .text.LPSCI_EnableTx
                0x000007c4       0x40 ./utilities/fsl_debug_console.o
 .text.LPSCI_EnableRx
                0x00000804       0x40 ./utilities/fsl_debug_console.o
 .text.DbgConsole_Init
                0x00000844       0xf0 ./utilities/fsl_debug_console.o
                0x00000844                DbgConsole_Init
 .text.DbgConsole_Printf
                0x00000934       0x44 ./utilities/fsl_debug_console.o
                0x00000934                DbgConsole_Printf
 .text.DbgConsole_Putchar
                0x00000978       0x34 ./utilities/fsl_debug_console.o
                0x00000978                DbgConsole_Putchar
 .text.DbgConsole_PrintfPaddingCharacter
                0x000009ac       0x46 ./utilities/fsl_debug_console.o
 .text.DbgConsole_ConvertRadixNumToString
                0x000009f2      0x114 ./utilities/fsl_debug_console.o
 .text.DbgConsole_PrintfFormattedData
                0x00000b06      0x336 ./utilities/fsl_debug_console.o
 .text.CLOCK_SetEr32kClock
                0x00000e3c       0x34 ./drivers/fsl_clock.o
 .text.CLOCK_SetPllFllSelClock
                0x00000e70       0x38 ./drivers/fsl_clock.o
 .text.OSC_SetExtRefClkConfig
                0x00000ea8       0x3e ./drivers/fsl_clock.o
 .text.OSC_SetCapLoad
                0x00000ee6       0x42 ./drivers/fsl_clock.o
 .text.CLOCK_GetMcgExtClkFreq
                0x00000f28       0x34 ./drivers/fsl_clock.o
 .text.CLOCK_GetFllExtRefClkFreq
                0x00000f5c       0xa4 ./drivers/fsl_clock.o
 .text.CLOCK_GetFllRefClkFreq
                0x00001000       0x2c ./drivers/fsl_clock.o
 .text.CLOCK_GetPll0RefFreq
                0x0000102c       0x10 ./drivers/fsl_clock.o
 .text.CLOCK_GetOscRangeFromFreq
                0x0000103c       0x4c ./drivers/fsl_clock.o
 .text.CLOCK_GetPllFllSelClkFreq
                0x00001088       0x4c ./drivers/fsl_clock.o
                0x00001088                CLOCK_GetPllFllSelClkFreq
 .text.CLOCK_SetSimConfig
                0x000010d4       0x38 ./drivers/fsl_clock.o
                0x000010d4                CLOCK_SetSimConfig
 .text.CLOCK_GetFllFreq
                0x0000110c       0x84 ./drivers/fsl_clock.o
                0x0000110c                CLOCK_GetFllFreq
 .text.CLOCK_GetPll0Freq
                0x00001190       0x80 ./drivers/fsl_clock.o
                0x00001190                CLOCK_GetPll0Freq
 .text.CLOCK_SetExternalRefClkConfig
                0x00001210       0x16 ./drivers/fsl_clock.o
                0x00001210                CLOCK_SetExternalRefClkConfig
 *fill*         0x00001226        0x2 ff
 .text.CLOCK_SetInternalRefClkConfig
                0x00001228      0x124 ./drivers/fsl_clock.o
                0x00001228                CLOCK_SetInternalRefClkConfig
 .text.CLOCK_EnablePll0
                0x0000134c       0xa0 ./drivers/fsl_clock.o
                0x0000134c                CLOCK_EnablePll0
 .text.CLOCK_InitOsc0
                0x000013ec       0x94 ./drivers/fsl_clock.o
                0x000013ec                CLOCK_InitOsc0
 .text.CLOCK_SetPbeMode
                0x00001480       0xc0 ./drivers/fsl_clock.o
                0x00001480                CLOCK_SetPbeMode
 .text.CLOCK_BootToPeeMode
                0x00001540       0x80 ./drivers/fsl_clock.o
                0x00001540                CLOCK_BootToPeeMode
 .text.__assert_func
                0x000015c0       0x28 ./drivers/fsl_common.o
                0x000015c0                __assert_func
 .text.CLOCK_EnableClock
                0x000015e8       0x34 ./drivers/fsl_lpsci.o
 .text.LPSCI_GetInstance
                0x0000161c       0x54 ./drivers/fsl_lpsci.o
                0x0000161c                LPSCI_GetInstance
 .text.LPSCI_Init
                0x00001670      0x268 ./drivers/fsl_lpsci.o
                0x00001670                LPSCI_Init
 .text.LPSCI_GetDefaultConfig
                0x000018d8       0x54 ./drivers/fsl_lpsci.o
                0x000018d8                LPSCI_GetDefaultConfig
 .text.LPSCI_GetStatusFlags
                0x0000192c       0x26 ./drivers/fsl_lpsci.o
                0x0000192c                LPSCI_GetStatusFlags
 *fill*         0x00001952        0x2 ff
 .text.LPSCI_ClearStatusFlags
                0x00001954       0x94 ./drivers/fsl_lpsci.o
                0x00001954                LPSCI_ClearStatusFlags
 .text.LPSCI_WriteBlocking
                0x000019e8       0x5c ./drivers/fsl_lpsci.o
                0x000019e8                LPSCI_WriteBlocking
 .text.LPSCI_ReadBlocking
                0x00001a44       0xd0 ./drivers/fsl_lpsci.o
                0x00001a44                LPSCI_ReadBlocking
 .text.UART0_DriverIRQHandler
                0x00001b14       0x24 ./drivers/fsl_lpsci.o
                0x00001b14                UART0_DriverIRQHandler
 .text.CLOCK_EnableClock
                0x00001b38       0x34 ./drivers/fsl_uart.o
 .text.UART_GetInstance
                0x00001b6c       0x60 ./drivers/fsl_uart.o
                0x00001b6c                UART_GetInstance
 .text.UART_Init
                0x00001bcc      0x1f0 ./drivers/fsl_uart.o
                0x00001bcc                UART_Init
 .text.UART_GetDefaultConfig
                0x00001dbc       0x54 ./drivers/fsl_uart.o
                0x00001dbc                UART_GetDefaultConfig
 .text.UART_GetStatusFlags
                0x00001e10       0x26 ./drivers/fsl_uart.o
                0x00001e10                UART_GetStatusFlags
 .text.UART_WriteBlocking
                0x00001e36       0x3a ./drivers/fsl_uart.o
                0x00001e36                UART_WriteBlocking
 .text.UART_ReadBlocking
                0x00001e70       0xa8 ./drivers/fsl_uart.o
                0x00001e70                UART_ReadBlocking
 .text.UART1_DriverIRQHandler
                0x00001f18       0x24 ./drivers/fsl_uart.o
                0x00001f18                UART1_DriverIRQHandler
 .text.UART2_DriverIRQHandler
                0x00001f3c       0x24 ./drivers/fsl_uart.o
                0x00001f3c                UART2_DriverIRQHandler
 .text.CLOCK_SetLpsci0Clock
                0x00001f60       0x38 ./board/board.o
 .text.BOARD_InitDebugConsole
                0x00001f98       0x30 ./board/board.o
                0x00001f98                BOARD_InitDebugConsole
 .text.CLOCK_SetSimSafeDivs
                0x00001fc8       0x20 ./board/clock_config.o
 .text.CLOCK_SetXtal0Freq
                0x00001fe8       0x1c ./board/clock_config.o
 .text.CLOCK_CONFIG_SetFllExtRefDiv
                0x00002004       0x3c ./board/clock_config.o
 .text.BOARD_InitBootClocks
                0x00002040        0xe ./board/clock_config.o
                0x00002040                BOARD_InitBootClocks
 *fill*         0x0000204e        0x2 ff
 .text.BOARD_BootClockRUN
                0x00002050       0x64 ./board/clock_config.o
                0x00002050                BOARD_BootClockRUN
 .text.BOARD_InitBootPeripherals
                0x000020b4        0xa ./board/peripherals.o
                0x000020b4                BOARD_InitBootPeripherals
 *fill*         0x000020be        0x2 ff
 .text.CLOCK_EnableClock
                0x000020c0       0x34 ./board/pin_mux.o
 .text.PORT_SetPinMux
                0x000020f4       0x40 ./board/pin_mux.o
 .text.BOARD_InitBootPins
                0x00002134        0xe ./board/pin_mux.o
                0x00002134                BOARD_InitBootPins
 *fill*         0x00002142        0x2 ff
 .text.BOARD_InitPins
                0x00002144       0x90 ./board/pin_mux.o
                0x00002144                BOARD_InitPins
 .text.memset   0x000021d4        0x8 c:/nxp/mcuxpressoide_11.0.1_2563/ide/plugins/com.nxp.mcuxpresso.tools.win32_11.0.1.201907311258/tools/bin/../lib/gcc/arm-none-eabi/8.2.1/../../../../arm-none-eabi/lib/thumb/v6-m/nofp\libcr_c.a(memset.o)
                0x000021d4                memset
 .text.fp_round
                0x000021dc       0x4a c:/nxp/mcuxpressoide_11.0.1_2563/ide/plugins/com.nxp.mcuxpresso.tools.win32_11.0.1.201907311258/tools/bin/../lib/gcc/arm-none-eabi/8.2.1/../../../../arm-none-eabi/lib/thumb/v6-m/nofp\libcr_c.a(fpprintf.o)
 .text.pr_dec.constprop.1
                0x00002226       0x30 c:/nxp/mcuxpressoide_11.0.1_2563/ide/plugins/com.nxp.mcuxpresso.tools.win32_11.0.1.201907311258/tools/bin/../lib/gcc/arm-none-eabi/8.2.1/../../../../arm-none-eabi/lib/thumb/v6-m/nofp\libcr_c.a(fpprintf.o)
 *fill*         0x00002256        0x2 ff
 .text.sprintf  0x00002258       0x6c c:/nxp/mcuxpressoide_11.0.1_2563/ide/plugins/com.nxp.mcuxpresso.tools.win32_11.0.1.201907311258/tools/bin/../lib/gcc/arm-none-eabi/8.2.1/../../../../arm-none-eabi/lib/thumb/v6-m/nofp\libcr_c.a(fpprintf.o)
                0x00002258                sprintf
 .text.fp_display
                0x000022c4      0x964 c:/nxp/mcuxpressoide_11.0.1_2563/ide/plugins/com.nxp.mcuxpresso.tools.win32_11.0.1.201907311258/tools/bin/../lib/gcc/arm-none-eabi/8.2.1/../../../../arm-none-eabi/lib/thumb/v6-m/nofp\libcr_c.a(fpprintf.o)
 .text.vsnprintf
                0x00002c28       0x70 c:/nxp/mcuxpressoide_11.0.1_2563/ide/plugins/com.nxp.mcuxpresso.tools.win32_11.0.1.201907311258/tools/bin/../lib/gcc/arm-none-eabi/8.2.1/../../../../arm-none-eabi/lib/thumb/v6-m/nofp\libcr_c.a(fpprintf.o)
                0x00002c28                vsnprintf
 .text.printf   0x00002c98       0x50 c:/nxp/mcuxpressoide_11.0.1_2563/ide/plugins/com.nxp.mcuxpresso.tools.win32_11.0.1.201907311258/tools/bin/../lib/gcc/arm-none-eabi/8.2.1/../../../../arm-none-eabi/lib/thumb/v6-m/nofp\libcr_c.a(fpprintf.o)
                0x00002c98                printf
 .text.__vfprintf
                0x00002ce8      0xcd8 c:/nxp/mcuxpressoide_11.0.1_2563/ide/plugins/com.nxp.mcuxpresso.tools.win32_11.0.1.201907311258/tools/bin/../lib/gcc/arm-none-eabi/8.2.1/../../../../arm-none-eabi/lib/thumb/v6-m/nofp\libcr_c.a(printf.o)
                0x00002ce8                __vfprintf
 .text.strlen   0x000039c0       0x58 c:/nxp/mcuxpressoide_11.0.1_2563/ide/plugins/com.nxp.mcuxpresso.tools.win32_11.0.1.201907311258/tools/bin/../lib/gcc/arm-none-eabi/8.2.1/../../../../arm-none-eabi/lib/thumb/v6-m/nofp\libcr_c.a(strlen.o)
                0x000039c0                strlen
 .text._deferredlazyseek
                0x00003a18       0x40 c:/nxp/mcuxpressoide_11.0.1_2563/ide/plugins/com.nxp.mcuxpresso.tools.win32_11.0.1.201907311258/tools/bin/../lib/gcc/arm-none-eabi/8.2.1/../../../../arm-none-eabi/lib/thumb/v6-m/nofp\libcr_c.a(_deferredlazyseek.o)
                0x00003a18                _deferredlazyseek
 .text.__flsbuf
                0x00003a58      0x14c c:/nxp/mcuxpressoide_11.0.1_2563/ide/plugins/com.nxp.mcuxpresso.tools.win32_11.0.1.201907311258/tools/bin/../lib/gcc/arm-none-eabi/8.2.1/../../../../arm-none-eabi/lib/thumb/v6-m/nofp\libcr_c.a(_deferredlazyseek.o)
                0x00003a58                __flsbuf
 .text._fflush  0x00003ba4       0x5c c:/nxp/mcuxpressoide_11.0.1_2563/ide/plugins/com.nxp.mcuxpresso.tools.win32_11.0.1.201907311258/tools/bin/../lib/gcc/arm-none-eabi/8.2.1/../../../../arm-none-eabi/lib/thumb/v6-m/nofp\libcr_c.a(_fflush.o)
                0x00003ba4                _fflush
 .text._frexpl  0x00003c00       0x80 c:/nxp/mcuxpressoide_11.0.1_2563/ide/plugins/com.nxp.mcuxpresso.tools.win32_11.0.1.201907311258/tools/bin/../lib/gcc/arm-none-eabi/8.2.1/../../../../arm-none-eabi/lib/thumb/v6-m/nofp\libcr_c.a(_frexpl.o)
                0x00003c00                _frexpl
 .text._ldexpl  0x00003c80       0x58 c:/nxp/mcuxpressoide_11.0.1_2563/ide/plugins/com.nxp.mcuxpresso.tools.win32_11.0.1.201907311258/tools/bin/../lib/gcc/arm-none-eabi/8.2.1/../../../../arm-none-eabi/lib/thumb/v6-m/nofp\libcr_c.a(_ldexpl.o)
                0x00003c80                _ldexpl
 .text._Cwritebuf
                0x00003cd8       0x68 c:/nxp/mcuxpressoide_11.0.1_2563/ide/plugins/com.nxp.mcuxpresso.tools.win32_11.0.1.201907311258/tools/bin/../lib/gcc/arm-none-eabi/8.2.1/../../../../arm-none-eabi/lib/thumb/v6-m/nofp\libcr_c.a(_writebuf.o)
                0x00003cd8                _Cwritebuf
 .text.malloc   0x00003d40       0xcc c:/nxp/mcuxpressoide_11.0.1_2563/ide/plugins/com.nxp.mcuxpresso.tools.win32_11.0.1.201907311258/tools/bin/../lib/gcc/arm-none-eabi/8.2.1/../../../../arm-none-eabi/lib/thumb/v6-m/nofp\libcr_c.a(alloc.o)
                0x00003d40                malloc
 .text.free     0x00003e0c       0x2c c:/nxp/mcuxpressoide_11.0.1_2563/ide/plugins/com.nxp.mcuxpresso.tools.win32_11.0.1.201907311258/tools/bin/../lib/gcc/arm-none-eabi/8.2.1/../../../../arm-none-eabi/lib/thumb/v6-m/nofp\libcr_c.a(alloc.o)
                0x00003e0c                free
 .text._Csys_alloc
                0x00003e38       0x20 c:/nxp/mcuxpressoide_11.0.1_2563/ide/plugins/com.nxp.mcuxpresso.tools.win32_11.0.1.201907311258/tools/bin/../lib/gcc/arm-none-eabi/8.2.1/../../../../arm-none-eabi/lib/thumb/v6-m/nofp\libcr_c.a(alloc.o)
                0x00003e38                _Csys_alloc
 .text.fseek    0x00003e58       0xf0 c:/nxp/mcuxpressoide_11.0.1_2563/ide/plugins/com.nxp.mcuxpresso.tools.win32_11.0.1.201907311258/tools/bin/../lib/gcc/arm-none-eabi/8.2.1/../../../../arm-none-eabi/lib/thumb/v6-m/nofp\libcr_c.a(fseek.o)
                0x00003e58                fseek
 .text.ftell    0x00003f48       0x48 c:/nxp/mcuxpressoide_11.0.1_2563/ide/plugins/com.nxp.mcuxpresso.tools.win32_11.0.1.201907311258/tools/bin/../lib/gcc/arm-none-eabi/8.2.1/../../../../arm-none-eabi/lib/thumb/v6-m/nofp\libcr_c.a(ftell.o)
                0x00003f48                ftell
 .text._sbrk    0x00003f90       0x40 c:/nxp/mcuxpressoide_11.0.1_2563/ide/plugins/com.nxp.mcuxpresso.tools.win32_11.0.1.201907311258/tools/bin/../lib/gcc/arm-none-eabi/8.2.1/../../../../arm-none-eabi/lib/thumb/v6-m/nofp\libcr_c.a(_cr_sbrk.o)
                0x00003f90                _sbrk
 .text.__check_heap_overflow
                0x00003fd0       0x14 c:/nxp/mcuxpressoide_11.0.1_2563/ide/plugins/com.nxp.mcuxpresso.tools.win32_11.0.1.201907311258/tools/bin/../lib/gcc/arm-none-eabi/8.2.1/../../../../arm-none-eabi/lib/thumb/v6-m/nofp\libcr_c.a(_cr_check_heap.o)
                0x00003fd0                __check_heap_overflow
 .text.__aeabi_division_idivmod
                0x00003fe4       0x78 c:/nxp/mcuxpressoide_11.0.1_2563/ide/plugins/com.nxp.mcuxpresso.tools.win32_11.0.1.201907311258/tools/bin/../lib/gcc/arm-none-eabi/8.2.1/thumb/v6-m/nofp\libcr_eabihelpers.a(division_32.o)
                0x00003fe4                __aeabi_idivmod
                0x00003fe4                __aeabi_idiv
                0x00003fea                __aeabi_uidivmod
                0x00003fea                __aeabi_uidiv
 .text.__aeabi_division_idiv0
                0x0000405c        0x2 c:/nxp/mcuxpressoide_11.0.1_2563/ide/plugins/com.nxp.mcuxpresso.tools.win32_11.0.1.201907311258/tools/bin/../lib/gcc/arm-none-eabi/8.2.1/thumb/v6-m/nofp\libcr_eabihelpers.a(division_idiv0.o)
                0x0000405c                __aeabi_idiv0
 *fill*         0x0000405e        0x2 ff
 .text.__aeabi_dmul
                0x00004060      0x188 c:/nxp/mcuxpressoide_11.0.1_2563/ide/plugins/com.nxp.mcuxpresso.tools.win32_11.0.1.201907311258/tools/bin/../lib/gcc/arm-none-eabi/8.2.1/thumb/v6-m/nofp\libcr_eabihelpers.a(double.o)
                0x00004060                __aeabi_dmul
 .text.__aeabi_ddiv
                0x000041e8      0x148 c:/nxp/mcuxpressoide_11.0.1_2563/ide/plugins/com.nxp.mcuxpresso.tools.win32_11.0.1.201907311258/tools/bin/../lib/gcc/arm-none-eabi/8.2.1/thumb/v6-m/nofp\libcr_eabihelpers.a(double.o)
                0x000041e8                __aeabi_ddiv
 .text.__aeabi_dsub
                0x00004330      0x1c4 c:/nxp/mcuxpressoide_11.0.1_2563/ide/plugins/com.nxp.mcuxpresso.tools.win32_11.0.1.201907311258/tools/bin/../lib/gcc/arm-none-eabi/8.2.1/thumb/v6-m/nofp\libcr_eabihelpers.a(double.o)
                0x00004330                __aeabi_dsub
 .text.__aeabi_dadd
                0x000044f4      0x12c c:/nxp/mcuxpressoide_11.0.1_2563/ide/plugins/com.nxp.mcuxpresso.tools.win32_11.0.1.201907311258/tools/bin/../lib/gcc/arm-none-eabi/8.2.1/thumb/v6-m/nofp\libcr_eabihelpers.a(double.o)
                0x000044f4                __aeabi_dadd
 .text.__aeabi_d2iz
                0x00004620       0x4c c:/nxp/mcuxpressoide_11.0.1_2563/ide/plugins/com.nxp.mcuxpresso.tools.win32_11.0.1.201907311258/tools/bin/../lib/gcc/arm-none-eabi/8.2.1/thumb/v6-m/nofp\libcr_eabihelpers.a(double.o)
                0x00004620                __aeabi_d2iz
 .text.__aeabi_d2uiz
                0x0000466c       0x34 c:/nxp/mcuxpressoide_11.0.1_2563/ide/plugins/com.nxp.mcuxpresso.tools.win32_11.0.1.201907311258/tools/bin/../lib/gcc/arm-none-eabi/8.2.1/thumb/v6-m/nofp\libcr_eabihelpers.a(double.o)
                0x0000466c                __aeabi_d2uiz
 .text.__bhs_ui2d
                0x000046a0       0x5e c:/nxp/mcuxpressoide_11.0.1_2563/ide/plugins/com.nxp.mcuxpresso.tools.win32_11.0.1.201907311258/tools/bin/../lib/gcc/arm-none-eabi/8.2.1/thumb/v6-m/nofp\libcr_eabihelpers.a(double.o)
                0x000046a0                __bhs_ui2d
 .text.__aeabi_i2d
                0x000046fe       0x18 c:/nxp/mcuxpressoide_11.0.1_2563/ide/plugins/com.nxp.mcuxpresso.tools.win32_11.0.1.201907311258/tools/bin/../lib/gcc/arm-none-eabi/8.2.1/thumb/v6-m/nofp\libcr_eabihelpers.a(double.o)
                0x000046fe                __aeabi_i2d
 .text.__aeabi_ui2d
                0x00004716        0xc c:/nxp/mcuxpressoide_11.0.1_2563/ide/plugins/com.nxp.mcuxpresso.tools.win32_11.0.1.201907311258/tools/bin/../lib/gcc/arm-none-eabi/8.2.1/thumb/v6-m/nofp\libcr_eabihelpers.a(double.o)
                0x00004716                __aeabi_ui2d
 *fill*         0x00004722        0x2 ff
 .text.__aeabi_dcmpeq
                0x00004724       0x30 c:/nxp/mcuxpressoide_11.0.1_2563/ide/plugins/com.nxp.mcuxpresso.tools.win32_11.0.1.201907311258/tools/bin/../lib/gcc/arm-none-eabi/8.2.1/thumb/v6-m/nofp\libcr_eabihelpers.a(double.o)
                0x00004724                __aeabi_dcmpeq
 .text.__aeabi_dcmplt
                0x00004754       0x60 c:/nxp/mcuxpressoide_11.0.1_2563/ide/plugins/com.nxp.mcuxpresso.tools.win32_11.0.1.201907311258/tools/bin/../lib/gcc/arm-none-eabi/8.2.1/thumb/v6-m/nofp\libcr_eabihelpers.a(double.o)
                0x00004754                __aeabi_dcmplt
 .text.__aeabi_dcmple
                0x000047b4       0x58 c:/nxp/mcuxpressoide_11.0.1_2563/ide/plugins/com.nxp.mcuxpresso.tools.win32_11.0.1.201907311258/tools/bin/../lib/gcc/arm-none-eabi/8.2.1/thumb/v6-m/nofp\libcr_eabihelpers.a(double.o)
                0x000047b4                __aeabi_dcmple
 .text.__aeabi_dcmpge
                0x0000480c       0x60 c:/nxp/mcuxpressoide_11.0.1_2563/ide/plugins/com.nxp.mcuxpresso.tools.win32_11.0.1.201907311258/tools/bin/../lib/gcc/arm-none-eabi/8.2.1/thumb/v6-m/nofp\libcr_eabihelpers.a(double.o)
                0x0000480c                __aeabi_dcmpge
 .text.__aeabi_llong_lmul
                0x0000486c       0x2e c:/nxp/mcuxpressoide_11.0.1_2563/ide/plugins/com.nxp.mcuxpresso.tools.win32_11.0.1.201907311258/tools/bin/../lib/gcc/arm-none-eabi/8.2.1/thumb/v6-m/nofp\libcr_eabihelpers.a(llong.o)
                0x0000486c                __aeabi_lmul
 .text.__aeabi_memset_lowlevel
                0x0000489a       0x2a c:/nxp/mcuxpressoide_11.0.1_2563/ide/plugins/com.nxp.mcuxpresso.tools.win32_11.0.1.201907311258/tools/bin/../lib/gcc/arm-none-eabi/8.2.1/thumb/v6-m/nofp\libcr_eabihelpers.a(memcpy.o)
                0x0000489a                __aeabi_lowlevel_memset
 .text.__sys_appexit
                0x000048c4        0xc c:/nxp/mcuxpressoide_11.0.1_2563/ide/plugins/com.nxp.mcuxpresso.tools.win32_11.0.1.201907311258/tools/bin/../lib/gcc/arm-none-eabi/8.2.1/../../../../arm-none-eabi/lib/thumb/v6-m/nofp\libcr_semihost_nf.a(__sys_appexit.o)
                0x000048c4                __sys_appexit
                0x000048c4                __exit
 .text.__sys_flen
                0x000048d0        0xc c:/nxp/mcuxpressoide_11.0.1_2563/ide/plugins/com.nxp.mcuxpresso.tools.win32_11.0.1.201907311258/tools/bin/../lib/gcc/arm-none-eabi/8.2.1/../../../../arm-none-eabi/lib/thumb/v6-m/nofp\libcr_semihost_nf.a(__sys_flen.o)
                0x000048d0                __sys_flen
 .text.__sys_istty
                0x000048dc        0xc c:/nxp/mcuxpressoide_11.0.1_2563/ide/plugins/com.nxp.mcuxpresso.tools.win32_11.0.1.201907311258/tools/bin/../lib/gcc/arm-none-eabi/8.2.1/../../../../arm-none-eabi/lib/thumb/v6-m/nofp\libcr_semihost_nf.a(__sys_istty.o)
                0x000048dc                __sys_istty
 .text.__sys_seek
                0x000048e8        0xc c:/nxp/mcuxpressoide_11.0.1_2563/ide/plugins/com.nxp.mcuxpresso.tools.win32_11.0.1.201907311258/tools/bin/../lib/gcc/arm-none-eabi/8.2.1/../../../../arm-none-eabi/lib/thumb/v6-m/nofp\libcr_semihost_nf.a(__sys_seek.o)
                0x000048e8                __sys_seek
 .text.__sys_write
                0x000048f4        0xc c:/nxp/mcuxpressoide_11.0.1_2563/ide/plugins/com.nxp.mcuxpresso.tools.win32_11.0.1.201907311258/tools/bin/../lib/gcc/arm-none-eabi/8.2.1/../../../../arm-none-eabi/lib/thumb/v6-m/nofp\libcr_semihost_nf.a(__sys_write.o)
                0x000048f4                __sys_write
 *(.rodata .rodata.* .constdata .constdata.*)
 .rodata.delayLookup
                0x00004900       0x50 ./source/project2.o
 .rodata        0x00004950        0xd ./source/project2.o
 *fill*         0x0000495d        0x3 ff
 .rodata        0x00004960       0x66 ./source/led.o
 *fill*         0x000049c6        0x2 ff
 .rodata        0x000049c8       0x47 ./drivers/fsl_clock.o
 *fill*         0x00004a0f        0x1 ff
 .rodata.__func__.5326
                0x00004a10       0x17 ./drivers/fsl_clock.o
 *fill*         0x00004a27        0x1 ff
 .rodata.fllFactorTable.5432
                0x00004a28       0x10 ./drivers/fsl_clock.o
 .rodata.__func__.5447
                0x00004a38       0x12 ./drivers/fsl_clock.o
 *fill*         0x00004a4a        0x2 ff
 .rodata.__func__.5487
                0x00004a4c       0x11 ./drivers/fsl_clock.o
 *fill*         0x00004a5d        0x3 ff
 .rodata.__func__.5624
                0x00004a60       0x11 ./drivers/fsl_clock.o
 *fill*         0x00004a71        0x3 ff
 .rodata.__func__.5691
                0x00004a74       0x14 ./drivers/fsl_clock.o
 .rodata        0x00004a88       0x3e ./drivers/fsl_common.o
 *fill*         0x00004ac6        0x2 ff
 .rodata        0x00004ac8       0xb2 ./drivers/fsl_lpsci.o
 *fill*         0x00004b7a        0x2 ff
 .rodata.__func__.5507
                0x00004b7c       0x12 ./drivers/fsl_lpsci.o
 *fill*         0x00004b8e        0x2 ff
 .rodata.__func__.5543
                0x00004b90        0xb ./drivers/fsl_lpsci.o
 *fill*         0x00004b9b        0x1 ff
 .rodata.__func__.5564
                0x00004b9c       0x17 ./drivers/fsl_lpsci.o
 *fill*         0x00004bb3        0x1 ff
 .rodata.__func__.5609
                0x00004bb4       0x14 ./drivers/fsl_lpsci.o
 .rodata.__func__.5621
                0x00004bc8       0x13 ./drivers/fsl_lpsci.o
 *fill*         0x00004bdb        0x1 ff
 .rodata.s_uartBases
                0x00004bdc        0xc ./drivers/fsl_uart.o
 .rodata.s_uartClock
                0x00004be8        0xc ./drivers/fsl_uart.o
 .rodata        0x00004bf4       0xaa ./drivers/fsl_uart.o
 *fill*         0x00004c9e        0x2 ff
 .rodata.__func__.5510
                0x00004ca0       0x11 ./drivers/fsl_uart.o
 *fill*         0x00004cb1        0x3 ff
 .rodata.__func__.5526
                0x00004cb4        0xa ./drivers/fsl_uart.o
 *fill*         0x00004cbe        0x2 ff
 .rodata.__func__.5539
                0x00004cc0       0x16 ./drivers/fsl_uart.o
 *fill*         0x00004cd6        0x2 ff
 .rodata.__func__.5597
                0x00004cd8       0x12 ./drivers/fsl_uart.o
 *fill*         0x00004cea        0x2 ff
 .rodata.mcgConfig_BOARD_BootClockRUN
                0x00004cec        0xa ./board/clock_config.o
                0x00004cec                mcgConfig_BOARD_BootClockRUN
 *fill*         0x00004cf6        0x2 ff
 .rodata.simConfig_BOARD_BootClockRUN
                0x00004cf8        0x8 ./board/clock_config.o
                0x00004cf8                simConfig_BOARD_BootClockRUN
 .rodata.oscConfig_BOARD_BootClockRUN
                0x00004d00        0x8 ./board/clock_config.o
                0x00004d00                oscConfig_BOARD_BootClockRUN
 .rodata.fp_display.str1.1
                0x00004d08       0x34 c:/nxp/mcuxpressoide_11.0.1_2563/ide/plugins/com.nxp.mcuxpresso.tools.win32_11.0.1.201907311258/tools/bin/../lib/gcc/arm-none-eabi/8.2.1/../../../../arm-none-eabi/lib/thumb/v6-m/nofp\libcr_c.a(fpprintf.o)
                                 0x35 (size before relaxing)
 .rodata.__vfprintf.str1.1
                0x00004d3c       0x31 c:/nxp/mcuxpressoide_11.0.1_2563/ide/plugins/com.nxp.mcuxpresso.tools.win32_11.0.1.201907311258/tools/bin/../lib/gcc/arm-none-eabi/8.2.1/../../../../arm-none-eabi/lib/thumb/v6-m/nofp\libcr_c.a(printf.o)
                                 0x38 (size before relaxing)
 .rodata._Csys_alloc.str1.1
                0x00004d6d       0x18 c:/nxp/mcuxpressoide_11.0.1_2563/ide/plugins/com.nxp.mcuxpresso.tools.win32_11.0.1.201907311258/tools/bin/../lib/gcc/arm-none-eabi/8.2.1/../../../../arm-none-eabi/lib/thumb/v6-m/nofp\libcr_c.a(alloc.o)
                0x00004d88                . = ALIGN (0x4)
 *fill*         0x00004d85        0x3 ff

.glue_7         0x00004d88        0x0
 .glue_7        0x00004d88        0x0 linker stubs

.glue_7t        0x00004d88        0x0
 .glue_7t       0x00004d88        0x0 linker stubs

.vfp11_veneer   0x00004d88        0x0
 .vfp11_veneer  0x00004d88        0x0 linker stubs

.v4_bx          0x00004d88        0x0
 .v4_bx         0x00004d88        0x0 linker stubs

.iplt           0x00004d88        0x0
 .iplt          0x00004d88        0x0 ./source/project2.o

.rel.dyn        0x00004d88        0x0
 .rel.iplt      0x00004d88        0x0 ./source/project2.o

.ARM.extab
 *(.ARM.extab* .gnu.linkonce.armextab.*)
                0x00004d88                __exidx_start = .

.ARM.exidx
 *(.ARM.exidx* .gnu.linkonce.armexidx.*)
                0x00004d88                __exidx_end = .
                0x00004d88                _etext = .

.m_usb_data
 *(m_usb_bdt)

.mtb_buffer_default
                0x1ffff000       0x80
 *(.mtb*)
 .mtb.$RAM1     0x1ffff000       0x80 ./source/mtb.o
                0x1ffff000                __mtb_buffer__

.uninit_RESERVED
                0x1ffff080        0x0
                0x1ffff080                . = ALIGN (0x4)
 *(.bss.$RESERVED*)
                0x1ffff080                . = ALIGN (0x4)
                0x1ffff080                _end_uninit_RESERVED = .

.data           0x1ffff080        0x8 load address 0x00004d88
 FILL mask 0xff
                0x1ffff080                _data = .
 *(vtable)
 *(.ramfunc*)
 *(CodeQuickAccess)
 *(DataQuickAccess)
 *(RamFunction)
 *(.data*)
 .data.SystemCoreClock
                0x1ffff080        0x4 ./CMSIS/system_MKL25Z4.o
                0x1ffff080                SystemCoreClock
 .data.s_slowIrcFreq
                0x1ffff084        0x4 ./drivers/fsl_clock.o
                0x1ffff088                . = ALIGN (0x4)
                0x1ffff088                _edata = .

.igot.plt       0x1ffff088        0x0 load address 0x00004d90
 .igot.plt      0x1ffff088        0x0 ./source/project2.o

.bss            0x1ffff088       0xf4 load address 0x00004d90
                0x1ffff088                . = ALIGN (0x4)
                0x1ffff088                _bss = .
 *(.bss*)
 .bss.i.5376    0x1ffff088        0x4 ./source/project2.o
 .bss.s_debugConsole
                0x1ffff08c       0x10 ./utilities/fsl_debug_console.o
 .bss.s_lpsciHandle
                0x1ffff09c        0x4 ./drivers/fsl_lpsci.o
 .bss.s_lpsciIsr
                0x1ffff0a0        0x4 ./drivers/fsl_lpsci.o
 .bss.s_uartHandle
                0x1ffff0a4        0xc ./drivers/fsl_uart.o
 .bss.s_uartIsr
                0x1ffff0b0        0x4 ./drivers/fsl_uart.o
 .bss.errno     0x1ffff0b4        0x4 c:/nxp/mcuxpressoide_11.0.1_2563/ide/plugins/com.nxp.mcuxpresso.tools.win32_11.0.1.201907311258/tools/bin/../lib/gcc/arm-none-eabi/8.2.1/../../../../arm-none-eabi/lib/thumb/v6-m/nofp\libcr_c.a(errno.o)
                0x1ffff0b4                errno
 .bss.__end_of_heap
                0x1ffff0b8        0x4 c:/nxp/mcuxpressoide_11.0.1_2563/ide/plugins/com.nxp.mcuxpresso.tools.win32_11.0.1.201907311258/tools/bin/../lib/gcc/arm-none-eabi/8.2.1/../../../../arm-none-eabi/lib/thumb/v6-m/nofp\libcr_c.a(__init_alloc.o)
                0x1ffff0b8                __end_of_heap
 .bss.__heaps   0x1ffff0bc        0x4 c:/nxp/mcuxpressoide_11.0.1_2563/ide/plugins/com.nxp.mcuxpresso.tools.win32_11.0.1.201907311258/tools/bin/../lib/gcc/arm-none-eabi/8.2.1/../../../../arm-none-eabi/lib/thumb/v6-m/nofp\libcr_c.a(__init_alloc.o)
                0x1ffff0bc                __heaps
 .bss.__Ciob    0x1ffff0c0       0xb4 c:/nxp/mcuxpressoide_11.0.1_2563/ide/plugins/com.nxp.mcuxpresso.tools.win32_11.0.1.201907311258/tools/bin/../lib/gcc/arm-none-eabi/8.2.1/../../../../arm-none-eabi/lib/thumb/v6-m/nofp\libcr_semihost_nf.a(__ciob.o)
                0x1ffff0c0                __Ciob
 *(COMMON)
 COMMON         0x1ffff174        0x8 ./drivers/fsl_clock.o
                0x1ffff174                g_xtal32Freq
                0x1ffff178                g_xtal0Freq
                0x1ffff17c                . = ALIGN (0x4)
                0x1ffff17c                _ebss = .
                [!provide]                PROVIDE (end = .)

.noinit         0x1ffff17c        0x0 load address 0x00004d90
                0x1ffff17c                . = ALIGN (0x4)
                0x1ffff17c                _noinit = .
 *(.noinit*)
                0x1ffff17c                . = ALIGN (0x4)
                0x1ffff17c                _end_noinit = .
                0x00000400                _HeapSize = 0x400

.heap           0x1ffff17c      0x400 load address 0x00004d90
                0x1ffff17c                _pvHeapStart = .
                0x1ffff57c                . = (. + _HeapSize)
 *fill*         0x1ffff17c      0x400 
                0x1ffff57c                . = ALIGN (0x4)
                0x1ffff57c                _pvHeapLimit = .
                0x00000400                _StackSize = 0x400

.heap2stackfill
                0x1ffff57c      0x400 load address 0x00004d90
                0x1ffff97c                . = (. + _StackSize)
 *fill*         0x1ffff57c      0x400 

.stack          0x20002c00        0x0
                0x20002c00                _vStackBase = .
                0x20002c00                . = ALIGN (0x4)
                0x20003000                _vStackTop = (. + _StackSize)
                0x00000000                _image_start = LOADADDR (.text)
                0x00004d90                _image_end = (LOADADDR (.data) + SIZEOF (.data))
                0x00004d90                _image_size = (_image_end - _image_start)
OUTPUT(./project2.axf elf32-littlearm)

.debug_info     0x00000000     0xddf8
 .debug_info    0x00000000      0xeaa ./source/project2.o
 .debug_info    0x00000eaa      0xdd6 ./source/led.o
 .debug_info    0x00001c80       0x4f ./source/mtb.o
 .debug_info    0x00001ccf       0x38 ./source/semihost_hardfault.o
 .debug_info    0x00001d07      0x4f5 ./startup/startup_mkl25z4.o
 .debug_info    0x000021fc      0x421 ./CMSIS/system_MKL25Z4.o
 .debug_info    0x0000261d     0x17de ./utilities/fsl_debug_console.o
 .debug_info    0x00003dfb     0x2409 ./drivers/fsl_clock.o
 .debug_info    0x00006204      0xce0 ./drivers/fsl_common.o
 .debug_info    0x00006ee4     0x1f25 ./drivers/fsl_lpsci.o
 .debug_info    0x00008e09     0x1ea2 ./drivers/fsl_uart.o
 .debug_info    0x0000acab      0xf78 ./board/board.o
 .debug_info    0x0000bc23     0x137c ./board/clock_config.o
 .debug_info    0x0000cf9f       0x38 ./board/peripherals.o
 .debug_info    0x0000cfd7      0xe21 ./board/pin_mux.o

.debug_abbrev   0x00000000     0x230b
 .debug_abbrev  0x00000000      0x276 ./source/project2.o
 .debug_abbrev  0x00000276      0x29c ./source/led.o
 .debug_abbrev  0x00000512       0x43 ./source/mtb.o
 .debug_abbrev  0x00000555       0x2e ./source/semihost_hardfault.o
 .debug_abbrev  0x00000583      0x17b ./startup/startup_mkl25z4.o
 .debug_abbrev  0x000006fe      0x12b ./CMSIS/system_MKL25Z4.o
 .debug_abbrev  0x00000829      0x389 ./utilities/fsl_debug_console.o
 .debug_abbrev  0x00000bb2      0x436 ./drivers/fsl_clock.o
 .debug_abbrev  0x00000fe8      0x379 ./drivers/fsl_common.o
 .debug_abbrev  0x00001361      0x3c2 ./drivers/fsl_lpsci.o
 .debug_abbrev  0x00001723      0x3dc ./drivers/fsl_uart.o
 .debug_abbrev  0x00001aff      0x259 ./board/board.o
 .debug_abbrev  0x00001d58      0x2e5 ./board/clock_config.o
 .debug_abbrev  0x0000203d       0x2e ./board/peripherals.o
 .debug_abbrev  0x0000206b      0x2a0 ./board/pin_mux.o

.debug_aranges  0x00000000      0x7f0
 .debug_aranges
                0x00000000       0x28 ./source/project2.o
 .debug_aranges
                0x00000028       0x38 ./source/led.o
 .debug_aranges
                0x00000060       0x18 ./source/mtb.o
 .debug_aranges
                0x00000078       0x20 ./source/semihost_hardfault.o
 .debug_aranges
                0x00000098      0x160 ./startup/startup_mkl25z4.o
 .debug_aranges
                0x000001f8       0x28 ./CMSIS/system_MKL25Z4.o
 .debug_aranges
                0x00000220       0xa0 ./utilities/fsl_debug_console.o
 .debug_aranges
                0x000002c0      0x1d8 ./drivers/fsl_clock.o
 .debug_aranges
                0x00000498       0x38 ./drivers/fsl_common.o
 .debug_aranges
                0x000004d0      0x118 ./drivers/fsl_lpsci.o
 .debug_aranges
                0x000005e8      0x130 ./drivers/fsl_uart.o
 .debug_aranges
                0x00000718       0x28 ./board/board.o
 .debug_aranges
                0x00000740       0x58 ./board/clock_config.o
 .debug_aranges
                0x00000798       0x20 ./board/peripherals.o
 .debug_aranges
                0x000007b8       0x38 ./board/pin_mux.o

.debug_ranges   0x00000000      0x6f8
 .debug_ranges  0x00000000       0x18 ./source/project2.o
 .debug_ranges  0x00000018       0x28 ./source/led.o
 .debug_ranges  0x00000040       0x10 ./source/semihost_hardfault.o
 .debug_ranges  0x00000050      0x150 ./startup/startup_mkl25z4.o
 .debug_ranges  0x000001a0       0x18 ./CMSIS/system_MKL25Z4.o
 .debug_ranges  0x000001b8       0x90 ./utilities/fsl_debug_console.o
 .debug_ranges  0x00000248      0x1c8 ./drivers/fsl_clock.o
 .debug_ranges  0x00000410       0x28 ./drivers/fsl_common.o
 .debug_ranges  0x00000438      0x108 ./drivers/fsl_lpsci.o
 .debug_ranges  0x00000540      0x120 ./drivers/fsl_uart.o
 .debug_ranges  0x00000660       0x18 ./board/board.o
 .debug_ranges  0x00000678       0x48 ./board/clock_config.o
 .debug_ranges  0x000006c0       0x10 ./board/peripherals.o
 .debug_ranges  0x000006d0       0x28 ./board/pin_mux.o

.debug_line     0x00000000     0x5380
 .debug_line    0x00000000      0x30b ./source/project2.o
 .debug_line    0x0000030b      0x31f ./source/led.o
 .debug_line    0x0000062a       0x30 ./source/mtb.o
 .debug_line    0x0000065a       0x5a ./source/semihost_hardfault.o
 .debug_line    0x000006b4      0x249 ./startup/startup_mkl25z4.o
 .debug_line    0x000008fd      0x2c0 ./CMSIS/system_MKL25Z4.o
 .debug_line    0x00000bbd      0xcfb ./utilities/fsl_debug_console.o
 .debug_line    0x000018b8     0x12d3 ./drivers/fsl_clock.o
 .debug_line    0x00002b8b      0x3e8 ./drivers/fsl_common.o
 .debug_line    0x00002f73      0xd57 ./drivers/fsl_lpsci.o
 .debug_line    0x00003cca      0xd45 ./drivers/fsl_uart.o
 .debug_line    0x00004a0f      0x2a9 ./board/board.o
 .debug_line    0x00004cb8      0x386 ./board/clock_config.o
 .debug_line    0x0000503e       0x4b ./board/peripherals.o
 .debug_line    0x00005089      0x2f7 ./board/pin_mux.o

.debug_str      0x00000000     0x3ffe
 .debug_str     0x00000000      0xd65 ./source/project2.o
                                0xdeb (size before relaxing)
 .debug_str     0x00000d65       0x9a ./source/led.o
                                0x9d5 (size before relaxing)
 .debug_str     0x00000dff       0x1f ./source/mtb.o
                                0x13d (size before relaxing)
 .debug_str     0x00000e1e       0x31 ./source/semihost_hardfault.o
                                0x13d (size before relaxing)
 .debug_str     0x00000e4f      0x382 ./startup/startup_mkl25z4.o
                                0x4b3 (size before relaxing)
 .debug_str     0x000011d1      0x145 ./CMSIS/system_MKL25Z4.o
                                0x314 (size before relaxing)
 .debug_str     0x00001316      0x6ee ./utilities/fsl_debug_console.o
                               0x1198 (size before relaxing)
 .debug_str     0x00001a04      0xcfa ./drivers/fsl_clock.o
                               0x1bc7 (size before relaxing)
 .debug_str     0x000026fe      0x307 ./drivers/fsl_common.o
                                0x8cb (size before relaxing)
 .debug_str     0x00002a05      0x9c4 ./drivers/fsl_lpsci.o
                               0x198f (size before relaxing)
 .debug_str     0x000033c9      0x819 ./drivers/fsl_uart.o
                               0x199b (size before relaxing)
 .debug_str     0x00003be2       0x4c ./board/board.o
                                0xa52 (size before relaxing)
 .debug_str     0x00003c2e      0x237 ./board/clock_config.o
                               0x1190 (size before relaxing)
 .debug_str     0x00003e65       0x31 ./board/peripherals.o
                                0x13d (size before relaxing)
 .debug_str     0x00003e96      0x168 ./board/pin_mux.o
                                0x999 (size before relaxing)

.comment        0x00000000       0x75
 .comment       0x00000000       0x75 ./source/project2.o
                                 0x76 (size before relaxing)
 .comment       0x00000075       0x76 ./source/led.o
 .comment       0x00000075       0x76 ./source/mtb.o
 .comment       0x00000075       0x76 ./source/semihost_hardfault.o
 .comment       0x00000075       0x76 ./startup/startup_mkl25z4.o
 .comment       0x00000075       0x76 ./CMSIS/system_MKL25Z4.o
 .comment       0x00000075       0x76 ./utilities/fsl_debug_console.o
 .comment       0x00000075       0x76 ./drivers/fsl_clock.o
 .comment       0x00000075       0x76 ./drivers/fsl_common.o
 .comment       0x00000075       0x76 ./drivers/fsl_lpsci.o
 .comment       0x00000075       0x76 ./drivers/fsl_uart.o
 .comment       0x00000075       0x76 ./board/board.o
 .comment       0x00000075       0x76 ./board/clock_config.o
 .comment       0x00000075       0x76 ./board/peripherals.o
 .comment       0x00000075       0x76 ./board/pin_mux.o
 .comment       0x00000075       0x76 c:/nxp/mcuxpressoide_11.0.1_2563/ide/plugins/com.nxp.mcuxpresso.tools.win32_11.0.1.201907311258/tools/bin/../lib/gcc/arm-none-eabi/8.2.1/../../../../arm-none-eabi/lib/thumb/v6-m/nofp\libcr_c.a(memset.o)
 .comment       0x00000075       0x76 c:/nxp/mcuxpressoide_11.0.1_2563/ide/plugins/com.nxp.mcuxpresso.tools.win32_11.0.1.201907311258/tools/bin/../lib/gcc/arm-none-eabi/8.2.1/../../../../arm-none-eabi/lib/thumb/v6-m/nofp\libcr_c.a(fpprintf.o)
 .comment       0x00000075       0x76 c:/nxp/mcuxpressoide_11.0.1_2563/ide/plugins/com.nxp.mcuxpresso.tools.win32_11.0.1.201907311258/tools/bin/../lib/gcc/arm-none-eabi/8.2.1/../../../../arm-none-eabi/lib/thumb/v6-m/nofp\libcr_c.a(printf.o)
 .comment       0x00000075       0x76 c:/nxp/mcuxpressoide_11.0.1_2563/ide/plugins/com.nxp.mcuxpresso.tools.win32_11.0.1.201907311258/tools/bin/../lib/gcc/arm-none-eabi/8.2.1/../../../../arm-none-eabi/lib/thumb/v6-m/nofp\libcr_c.a(strlen.o)
 .comment       0x00000075       0x76 c:/nxp/mcuxpressoide_11.0.1_2563/ide/plugins/com.nxp.mcuxpresso.tools.win32_11.0.1.201907311258/tools/bin/../lib/gcc/arm-none-eabi/8.2.1/../../../../arm-none-eabi/lib/thumb/v6-m/nofp\libcr_c.a(_deferredlazyseek.o)
 .comment       0x00000075       0x76 c:/nxp/mcuxpressoide_11.0.1_2563/ide/plugins/com.nxp.mcuxpresso.tools.win32_11.0.1.201907311258/tools/bin/../lib/gcc/arm-none-eabi/8.2.1/../../../../arm-none-eabi/lib/thumb/v6-m/nofp\libcr_c.a(_fflush.o)
 .comment       0x00000075       0x76 c:/nxp/mcuxpressoide_11.0.1_2563/ide/plugins/com.nxp.mcuxpresso.tools.win32_11.0.1.201907311258/tools/bin/../lib/gcc/arm-none-eabi/8.2.1/../../../../arm-none-eabi/lib/thumb/v6-m/nofp\libcr_c.a(_frexpl.o)
 .comment       0x00000075       0x76 c:/nxp/mcuxpressoide_11.0.1_2563/ide/plugins/com.nxp.mcuxpresso.tools.win32_11.0.1.201907311258/tools/bin/../lib/gcc/arm-none-eabi/8.2.1/../../../../arm-none-eabi/lib/thumb/v6-m/nofp\libcr_c.a(_ldexpl.o)
 .comment       0x00000075       0x76 c:/nxp/mcuxpressoide_11.0.1_2563/ide/plugins/com.nxp.mcuxpresso.tools.win32_11.0.1.201907311258/tools/bin/../lib/gcc/arm-none-eabi/8.2.1/../../../../arm-none-eabi/lib/thumb/v6-m/nofp\libcr_c.a(_writebuf.o)
 .comment       0x00000075       0x76 c:/nxp/mcuxpressoide_11.0.1_2563/ide/plugins/com.nxp.mcuxpresso.tools.win32_11.0.1.201907311258/tools/bin/../lib/gcc/arm-none-eabi/8.2.1/../../../../arm-none-eabi/lib/thumb/v6-m/nofp\libcr_c.a(alloc.o)
 .comment       0x00000075       0x76 c:/nxp/mcuxpressoide_11.0.1_2563/ide/plugins/com.nxp.mcuxpresso.tools.win32_11.0.1.201907311258/tools/bin/../lib/gcc/arm-none-eabi/8.2.1/../../../../arm-none-eabi/lib/thumb/v6-m/nofp\libcr_c.a(errno.o)
 .comment       0x00000075       0x76 c:/nxp/mcuxpressoide_11.0.1_2563/ide/plugins/com.nxp.mcuxpresso.tools.win32_11.0.1.201907311258/tools/bin/../lib/gcc/arm-none-eabi/8.2.1/../../../../arm-none-eabi/lib/thumb/v6-m/nofp\libcr_c.a(fseek.o)
 .comment       0x00000075       0x76 c:/nxp/mcuxpressoide_11.0.1_2563/ide/plugins/com.nxp.mcuxpresso.tools.win32_11.0.1.201907311258/tools/bin/../lib/gcc/arm-none-eabi/8.2.1/../../../../arm-none-eabi/lib/thumb/v6-m/nofp\libcr_c.a(ftell.o)
 .comment       0x00000075       0x76 c:/nxp/mcuxpressoide_11.0.1_2563/ide/plugins/com.nxp.mcuxpresso.tools.win32_11.0.1.201907311258/tools/bin/../lib/gcc/arm-none-eabi/8.2.1/../../../../arm-none-eabi/lib/thumb/v6-m/nofp\libcr_c.a(__init_alloc.o)
 .comment       0x00000075       0x76 c:/nxp/mcuxpressoide_11.0.1_2563/ide/plugins/com.nxp.mcuxpresso.tools.win32_11.0.1.201907311258/tools/bin/../lib/gcc/arm-none-eabi/8.2.1/../../../../arm-none-eabi/lib/thumb/v6-m/nofp\libcr_c.a(_cr_sbrk.o)
 .comment       0x00000075       0x76 c:/nxp/mcuxpressoide_11.0.1_2563/ide/plugins/com.nxp.mcuxpresso.tools.win32_11.0.1.201907311258/tools/bin/../lib/gcc/arm-none-eabi/8.2.1/../../../../arm-none-eabi/lib/thumb/v6-m/nofp\libcr_c.a(_cr_check_heap.o)
 .comment       0x00000075       0x76 c:/nxp/mcuxpressoide_11.0.1_2563/ide/plugins/com.nxp.mcuxpresso.tools.win32_11.0.1.201907311258/tools/bin/../lib/gcc/arm-none-eabi/8.2.1/thumb/v6-m/nofp\libcr_eabihelpers.a(double.o)
 .comment       0x00000075       0x76 c:/nxp/mcuxpressoide_11.0.1_2563/ide/plugins/com.nxp.mcuxpresso.tools.win32_11.0.1.201907311258/tools/bin/../lib/gcc/arm-none-eabi/8.2.1/../../../../arm-none-eabi/lib/thumb/v6-m/nofp\libcr_semihost_nf.a(__ciob.o)

.ARM.attributes
                0x00000000       0x2a
 .ARM.attributes
                0x00000000       0x2c ./source/project2.o
 .ARM.attributes
                0x0000002c       0x2c ./source/led.o
 .ARM.attributes
                0x00000058       0x32 ./source/mtb.o
 .ARM.attributes
                0x0000008a       0x2c ./source/semihost_hardfault.o
 .ARM.attributes
                0x000000b6       0x2c ./startup/startup_mkl25z4.o
 .ARM.attributes
                0x000000e2       0x2c ./CMSIS/system_MKL25Z4.o
 .ARM.attributes
                0x0000010e       0x2c ./utilities/fsl_debug_console.o
 .ARM.attributes
                0x0000013a       0x2c ./drivers/fsl_clock.o
 .ARM.attributes
                0x00000166       0x2c ./drivers/fsl_common.o
 .ARM.attributes
                0x00000192       0x2c ./drivers/fsl_lpsci.o
 .ARM.attributes
                0x000001be       0x2c ./drivers/fsl_uart.o
 .ARM.attributes
                0x000001ea       0x2c ./board/board.o
 .ARM.attributes
                0x00000216       0x2c ./board/clock_config.o
 .ARM.attributes
                0x00000242       0x2c ./board/peripherals.o
 .ARM.attributes
                0x0000026e       0x2c ./board/pin_mux.o
 .ARM.attributes
                0x0000029a       0x2c c:/nxp/mcuxpressoide_11.0.1_2563/ide/plugins/com.nxp.mcuxpresso.tools.win32_11.0.1.201907311258/tools/bin/../lib/gcc/arm-none-eabi/8.2.1/../../../../arm-none-eabi/lib/thumb/v6-m/nofp\libcr_c.a(memset.o)
 .ARM.attributes
                0x000002c6       0x2c c:/nxp/mcuxpressoide_11.0.1_2563/ide/plugins/com.nxp.mcuxpresso.tools.win32_11.0.1.201907311258/tools/bin/../lib/gcc/arm-none-eabi/8.2.1/../../../../arm-none-eabi/lib/thumb/v6-m/nofp\libcr_c.a(fpprintf.o)
 .ARM.attributes
                0x000002f2       0x2c c:/nxp/mcuxpressoide_11.0.1_2563/ide/plugins/com.nxp.mcuxpresso.tools.win32_11.0.1.201907311258/tools/bin/../lib/gcc/arm-none-eabi/8.2.1/../../../../arm-none-eabi/lib/thumb/v6-m/nofp\libcr_c.a(printf.o)
 .ARM.attributes
                0x0000031e       0x2c c:/nxp/mcuxpressoide_11.0.1_2563/ide/plugins/com.nxp.mcuxpresso.tools.win32_11.0.1.201907311258/tools/bin/../lib/gcc/arm-none-eabi/8.2.1/../../../../arm-none-eabi/lib/thumb/v6-m/nofp\libcr_c.a(strlen.o)
 .ARM.attributes
                0x0000034a       0x2c c:/nxp/mcuxpressoide_11.0.1_2563/ide/plugins/com.nxp.mcuxpresso.tools.win32_11.0.1.201907311258/tools/bin/../lib/gcc/arm-none-eabi/8.2.1/../../../../arm-none-eabi/lib/thumb/v6-m/nofp\libcr_c.a(_deferredlazyseek.o)
 .ARM.attributes
                0x00000376       0x2c c:/nxp/mcuxpressoide_11.0.1_2563/ide/plugins/com.nxp.mcuxpresso.tools.win32_11.0.1.201907311258/tools/bin/../lib/gcc/arm-none-eabi/8.2.1/../../../../arm-none-eabi/lib/thumb/v6-m/nofp\libcr_c.a(_fflush.o)
 .ARM.attributes
                0x000003a2       0x2c c:/nxp/mcuxpressoide_11.0.1_2563/ide/plugins/com.nxp.mcuxpresso.tools.win32_11.0.1.201907311258/tools/bin/../lib/gcc/arm-none-eabi/8.2.1/../../../../arm-none-eabi/lib/thumb/v6-m/nofp\libcr_c.a(_frexpl.o)
 .ARM.attributes
                0x000003ce       0x2c c:/nxp/mcuxpressoide_11.0.1_2563/ide/plugins/com.nxp.mcuxpresso.tools.win32_11.0.1.201907311258/tools/bin/../lib/gcc/arm-none-eabi/8.2.1/../../../../arm-none-eabi/lib/thumb/v6-m/nofp\libcr_c.a(_ldexpl.o)
 .ARM.attributes
                0x000003fa       0x2c c:/nxp/mcuxpressoide_11.0.1_2563/ide/plugins/com.nxp.mcuxpresso.tools.win32_11.0.1.201907311258/tools/bin/../lib/gcc/arm-none-eabi/8.2.1/../../../../arm-none-eabi/lib/thumb/v6-m/nofp\libcr_c.a(_writebuf.o)
 .ARM.attributes
                0x00000426       0x2c c:/nxp/mcuxpressoide_11.0.1_2563/ide/plugins/com.nxp.mcuxpresso.tools.win32_11.0.1.201907311258/tools/bin/../lib/gcc/arm-none-eabi/8.2.1/../../../../arm-none-eabi/lib/thumb/v6-m/nofp\libcr_c.a(alloc.o)
 .ARM.attributes
                0x00000452       0x31 c:/nxp/mcuxpressoide_11.0.1_2563/ide/plugins/com.nxp.mcuxpresso.tools.win32_11.0.1.201907311258/tools/bin/../lib/gcc/arm-none-eabi/8.2.1/../../../../arm-none-eabi/lib/thumb/v6-m/nofp\libcr_c.a(errno.o)
 .ARM.attributes
                0x00000483       0x2c c:/nxp/mcuxpressoide_11.0.1_2563/ide/plugins/com.nxp.mcuxpresso.tools.win32_11.0.1.201907311258/tools/bin/../lib/gcc/arm-none-eabi/8.2.1/../../../../arm-none-eabi/lib/thumb/v6-m/nofp\libcr_c.a(fseek.o)
 .ARM.attributes
                0x000004af       0x2c c:/nxp/mcuxpressoide_11.0.1_2563/ide/plugins/com.nxp.mcuxpresso.tools.win32_11.0.1.201907311258/tools/bin/../lib/gcc/arm-none-eabi/8.2.1/../../../../arm-none-eabi/lib/thumb/v6-m/nofp\libcr_c.a(ftell.o)
 .ARM.attributes
                0x000004db       0x2c c:/nxp/mcuxpressoide_11.0.1_2563/ide/plugins/com.nxp.mcuxpresso.tools.win32_11.0.1.201907311258/tools/bin/../lib/gcc/arm-none-eabi/8.2.1/../../../../arm-none-eabi/lib/thumb/v6-m/nofp\libcr_c.a(__init_alloc.o)
 .ARM.attributes
                0x00000507       0x2c c:/nxp/mcuxpressoide_11.0.1_2563/ide/plugins/com.nxp.mcuxpresso.tools.win32_11.0.1.201907311258/tools/bin/../lib/gcc/arm-none-eabi/8.2.1/../../../../arm-none-eabi/lib/thumb/v6-m/nofp\libcr_c.a(_cr_sbrk.o)
 .ARM.attributes
                0x00000533       0x2c c:/nxp/mcuxpressoide_11.0.1_2563/ide/plugins/com.nxp.mcuxpresso.tools.win32_11.0.1.201907311258/tools/bin/../lib/gcc/arm-none-eabi/8.2.1/../../../../arm-none-eabi/lib/thumb/v6-m/nofp\libcr_c.a(_cr_check_heap.o)
 .ARM.attributes
                0x0000055f       0x1c c:/nxp/mcuxpressoide_11.0.1_2563/ide/plugins/com.nxp.mcuxpresso.tools.win32_11.0.1.201907311258/tools/bin/../lib/gcc/arm-none-eabi/8.2.1/thumb/v6-m/nofp\libcr_eabihelpers.a(division_32.o)
 .ARM.attributes
                0x0000057b       0x1c c:/nxp/mcuxpressoide_11.0.1_2563/ide/plugins/com.nxp.mcuxpresso.tools.win32_11.0.1.201907311258/tools/bin/../lib/gcc/arm-none-eabi/8.2.1/thumb/v6-m/nofp\libcr_eabihelpers.a(division_idiv0.o)
 .ARM.attributes
                0x00000597       0x2c c:/nxp/mcuxpressoide_11.0.1_2563/ide/plugins/com.nxp.mcuxpresso.tools.win32_11.0.1.201907311258/tools/bin/../lib/gcc/arm-none-eabi/8.2.1/thumb/v6-m/nofp\libcr_eabihelpers.a(double.o)
 .ARM.attributes
                0x000005c3       0x1c c:/nxp/mcuxpressoide_11.0.1_2563/ide/plugins/com.nxp.mcuxpresso.tools.win32_11.0.1.201907311258/tools/bin/../lib/gcc/arm-none-eabi/8.2.1/thumb/v6-m/nofp\libcr_eabihelpers.a(llong.o)
 .ARM.attributes
                0x000005df       0x1c c:/nxp/mcuxpressoide_11.0.1_2563/ide/plugins/com.nxp.mcuxpresso.tools.win32_11.0.1.201907311258/tools/bin/../lib/gcc/arm-none-eabi/8.2.1/thumb/v6-m/nofp\libcr_eabihelpers.a(memcpy.o)
 .ARM.attributes
                0x000005fb       0x31 c:/nxp/mcuxpressoide_11.0.1_2563/ide/plugins/com.nxp.mcuxpresso.tools.win32_11.0.1.201907311258/tools/bin/../lib/gcc/arm-none-eabi/8.2.1/../../../../arm-none-eabi/lib/thumb/v6-m/nofp\libcr_semihost_nf.a(__ciob.o)
 .ARM.attributes
                0x0000062c       0x1c c:/nxp/mcuxpressoide_11.0.1_2563/ide/plugins/com.nxp.mcuxpresso.tools.win32_11.0.1.201907311258/tools/bin/../lib/gcc/arm-none-eabi/8.2.1/../../../../arm-none-eabi/lib/thumb/v6-m/nofp\libcr_semihost_nf.a(__sys_appexit.o)
 .ARM.attributes
                0x00000648       0x1c c:/nxp/mcuxpressoide_11.0.1_2563/ide/plugins/com.nxp.mcuxpresso.tools.win32_11.0.1.201907311258/tools/bin/../lib/gcc/arm-none-eabi/8.2.1/../../../../arm-none-eabi/lib/thumb/v6-m/nofp\libcr_semihost_nf.a(__sys_flen.o)
 .ARM.attributes
                0x00000664       0x1c c:/nxp/mcuxpressoide_11.0.1_2563/ide/plugins/com.nxp.mcuxpresso.tools.win32_11.0.1.201907311258/tools/bin/../lib/gcc/arm-none-eabi/8.2.1/../../../../arm-none-eabi/lib/thumb/v6-m/nofp\libcr_semihost_nf.a(__sys_istty.o)
 .ARM.attributes
                0x00000680       0x1c c:/nxp/mcuxpressoide_11.0.1_2563/ide/plugins/com.nxp.mcuxpresso.tools.win32_11.0.1.201907311258/tools/bin/../lib/gcc/arm-none-eabi/8.2.1/../../../../arm-none-eabi/lib/thumb/v6-m/nofp\libcr_semihost_nf.a(__sys_seek.o)
 .ARM.attributes
                0x0000069c       0x1c c:/nxp/mcuxpressoide_11.0.1_2563/ide/plugins/com.nxp.mcuxpresso.tools.win32_11.0.1.201907311258/tools/bin/../lib/gcc/arm-none-eabi/8.2.1/../../../../arm-none-eabi/lib/thumb/v6-m/nofp\libcr_semihost_nf.a(__sys_write.o)

.debug_frame    0x00000000     0x1a08
 .debug_frame   0x00000000       0x50 ./source/project2.o
 .debug_frame   0x00000050       0x8c ./source/led.o
 .debug_frame   0x000000dc       0x20 ./source/semihost_hardfault.o
 .debug_frame   0x000000fc      0x498 ./startup/startup_mkl25z4.o
 .debug_frame   0x00000594       0x4c ./CMSIS/system_MKL25Z4.o
 .debug_frame   0x000005e0      0x230 ./utilities/fsl_debug_console.o
 .debug_frame   0x00000810      0x6e4 ./drivers/fsl_clock.o
 .debug_frame   0x00000ef4       0x90 ./drivers/fsl_common.o
 .debug_frame   0x00000f84      0x418 ./drivers/fsl_lpsci.o
 .debug_frame   0x0000139c      0x468 ./drivers/fsl_uart.o
 .debug_frame   0x00001804       0x50 ./board/board.o
 .debug_frame   0x00001854      0x100 ./board/clock_config.o
 .debug_frame   0x00001954       0x2c ./board/peripherals.o
 .debug_frame   0x00001980       0x88 ./board/pin_mux.o
