Archive member included to satisfy reference by file (symbol)

c:/nxp/mcuxpressoide_11.0.1_2563/ide/plugins/com.nxp.mcuxpresso.tools.win32_11.0.1.201907311258/tools/bin/../lib/gcc/arm-none-eabi/8.2.1/../../../../arm-none-eabi/lib/thumb/v6-m/nofp\libcr_c.a(memcpy.o)
                              ./drivers/fsl_flash.o (memcpy)
c:/nxp/mcuxpressoide_11.0.1_2563/ide/plugins/com.nxp.mcuxpresso.tools.win32_11.0.1.201907311258/tools/bin/../lib/gcc/arm-none-eabi/8.2.1/../../../../arm-none-eabi/lib/thumb/v6-m/nofp\libcr_c.a(memset.o)
                              ./drivers/fsl_flash.o (memset)
c:/nxp/mcuxpressoide_11.0.1_2563/ide/plugins/com.nxp.mcuxpresso.tools.win32_11.0.1.201907311258/tools/bin/../lib/gcc/arm-none-eabi/8.2.1/../../../../arm-none-eabi/lib/thumb/v6-m/nofp\libcr_c.a(strlen.o)
                              ./utilities/fsl_debug_console.o (strlen)
c:/nxp/mcuxpressoide_11.0.1_2563/ide/plugins/com.nxp.mcuxpresso.tools.win32_11.0.1.201907311258/tools/bin/../lib/gcc/arm-none-eabi/8.2.1/thumb/v6-m/nofp\libcr_eabihelpers.a(division_32.o)
                              ./utilities/fsl_debug_console.o (__aeabi_idiv)
c:/nxp/mcuxpressoide_11.0.1_2563/ide/plugins/com.nxp.mcuxpresso.tools.win32_11.0.1.201907311258/tools/bin/../lib/gcc/arm-none-eabi/8.2.1/thumb/v6-m/nofp\libcr_eabihelpers.a(division_idiv0.o)
                              c:/nxp/mcuxpressoide_11.0.1_2563/ide/plugins/com.nxp.mcuxpresso.tools.win32_11.0.1.201907311258/tools/bin/../lib/gcc/arm-none-eabi/8.2.1/thumb/v6-m/nofp\libcr_eabihelpers.a(division_32.o) (__aeabi_idiv0)
c:/nxp/mcuxpressoide_11.0.1_2563/ide/plugins/com.nxp.mcuxpresso.tools.win32_11.0.1.201907311258/tools/bin/../lib/gcc/arm-none-eabi/8.2.1/thumb/v6-m/nofp\libcr_eabihelpers.a(double.o)
                              ./source/led.o (__aeabi_dmul)
c:/nxp/mcuxpressoide_11.0.1_2563/ide/plugins/com.nxp.mcuxpresso.tools.win32_11.0.1.201907311258/tools/bin/../lib/gcc/arm-none-eabi/8.2.1/thumb/v6-m/nofp\libcr_eabihelpers.a(llong.o)
                              c:/nxp/mcuxpressoide_11.0.1_2563/ide/plugins/com.nxp.mcuxpresso.tools.win32_11.0.1.201907311258/tools/bin/../lib/gcc/arm-none-eabi/8.2.1/thumb/v6-m/nofp\libcr_eabihelpers.a(double.o) (__aeabi_lmul)
c:/nxp/mcuxpressoide_11.0.1_2563/ide/plugins/com.nxp.mcuxpresso.tools.win32_11.0.1.201907311258/tools/bin/../lib/gcc/arm-none-eabi/8.2.1/thumb/v6-m/nofp\libcr_eabihelpers.a(memcpy.o)
                              c:/nxp/mcuxpressoide_11.0.1_2563/ide/plugins/com.nxp.mcuxpresso.tools.win32_11.0.1.201907311258/tools/bin/../lib/gcc/arm-none-eabi/8.2.1/../../../../arm-none-eabi/lib/thumb/v6-m/nofp\libcr_c.a(memcpy.o) (__aeabi_memcpy)

Allocating common symbols
Common symbol       size              file

g_xtal32Freq        0x4               ./drivers/fsl_clock.o
g_xtal0Freq         0x4               ./drivers/fsl_clock.o

Discarded input sections

 .text          0x00000000        0x0 ./source/project2.o
 .data          0x00000000        0x0 ./source/project2.o
 .bss           0x00000000        0x0 ./source/project2.o
 .text          0x00000000        0x0 ./source/led.o
 .data          0x00000000        0x0 ./source/led.o
 .bss           0x00000000        0x0 ./source/led.o
 .text          0x00000000        0x0 ./source/mtb.o
 .data          0x00000000        0x0 ./source/mtb.o
 .bss           0x00000000        0x0 ./source/mtb.o
 .text          0x00000000        0x0 ./source/semihost_hardfault.o
 .data          0x00000000        0x0 ./source/semihost_hardfault.o
 .bss           0x00000000        0x0 ./source/semihost_hardfault.o
 .text          0x00000000        0x0 ./startup/startup_mkl25z4.o
 .data          0x00000000        0x0 ./startup/startup_mkl25z4.o
 .bss           0x00000000        0x0 ./startup/startup_mkl25z4.o
 .text          0x00000000        0x0 ./CMSIS/system_MKL25Z4.o
 .data          0x00000000        0x0 ./CMSIS/system_MKL25Z4.o
 .bss           0x00000000        0x0 ./CMSIS/system_MKL25Z4.o
 .text.SystemCoreClockUpdate
                0x00000000      0x238 ./CMSIS/system_MKL25Z4.o
 .text          0x00000000        0x0 ./utilities/fsl_debug_console.o
 .data          0x00000000        0x0 ./utilities/fsl_debug_console.o
 .bss           0x00000000        0x0 ./utilities/fsl_debug_console.o
 .text.DbgConsole_Deinit
                0x00000000       0x60 ./utilities/fsl_debug_console.o
 .text.DbgConsole_Scanf
                0x00000000       0xbc ./utilities/fsl_debug_console.o
 .text.DbgConsole_Getchar
                0x00000000       0x40 ./utilities/fsl_debug_console.o
 .text.DbgConsole_ScanIgnoreWhiteSpace
                0x00000000       0x80 ./utilities/fsl_debug_console.o
 .text.DbgConsole_ScanfFormattedData
                0x00000000      0x504 ./utilities/fsl_debug_console.o
 .rodata.DbgConsole_ScanfFormattedData
                0x00000000      0x124 ./utilities/fsl_debug_console.o
 .text._write   0x00000000       0x58 ./utilities/fsl_debug_console.o
 .text._read    0x00000000       0x44 ./utilities/fsl_debug_console.o
 .text          0x00000000        0x0 ./drivers/fsl_clock.o
 .data          0x00000000        0x0 ./drivers/fsl_clock.o
 .bss           0x00000000        0x0 ./drivers/fsl_clock.o
 .text.CLOCK_EnableClock
                0x00000000       0x34 ./drivers/fsl_clock.o
 .text.CLOCK_DisableClock
                0x00000000       0x38 ./drivers/fsl_clock.o
 .data.s_fastIrcFreq
                0x00000000        0x4 ./drivers/fsl_clock.o
 .text.CLOCK_FllStableDelay
                0x00000000       0x24 ./drivers/fsl_clock.o
 .text.CLOCK_GetInternalRefClkSelectFreq
                0x00000000       0x40 ./drivers/fsl_clock.o
 .text.CLOCK_GetOsc0ErClkFreq
                0x00000000       0x4c ./drivers/fsl_clock.o
 .text.CLOCK_GetEr32kClkFreq
                0x00000000       0x84 ./drivers/fsl_clock.o
 .text.CLOCK_GetPlatClkFreq
                0x00000000       0x2c ./drivers/fsl_clock.o
 .text.CLOCK_GetFlashClkFreq
                0x00000000       0x50 ./drivers/fsl_clock.o
 .text.CLOCK_GetBusClkFreq
                0x00000000       0x50 ./drivers/fsl_clock.o
 .text.CLOCK_GetCoreSysClkFreq
                0x00000000       0x2c ./drivers/fsl_clock.o
 .text.CLOCK_GetFreq
                0x00000000       0xe0 ./drivers/fsl_clock.o
 .rodata.CLOCK_GetFreq
                0x00000000       0x38 ./drivers/fsl_clock.o
 .text.CLOCK_EnableUsbfs0Clock
                0x00000000       0x84 ./drivers/fsl_clock.o
 .text.CLOCK_GetOutClkFreq
                0x00000000       0x68 ./drivers/fsl_clock.o
 .text.CLOCK_GetInternalRefClkFreq
                0x00000000       0x28 ./drivers/fsl_clock.o
 .text.CLOCK_GetFixedFreqClkFreq
                0x00000000       0x30 ./drivers/fsl_clock.o
 .text.CLOCK_CalcPllDiv
                0x00000000      0x1c0 ./drivers/fsl_clock.o
 .text.CLOCK_SetOsc0MonitorMode
                0x00000000       0x80 ./drivers/fsl_clock.o
 .text.CLOCK_SetPll0MonitorMode
                0x00000000       0x84 ./drivers/fsl_clock.o
 .text.CLOCK_GetStatusFlags
                0x00000000       0x6c ./drivers/fsl_clock.o
 .text.CLOCK_ClearStatusFlags
                0x00000000       0x3c ./drivers/fsl_clock.o
 .text.CLOCK_DeinitOsc0
                0x00000000       0x28 ./drivers/fsl_clock.o
 .text.CLOCK_TrimInternalRefClk
                0x00000000      0x168 ./drivers/fsl_clock.o
 .text.CLOCK_GetMode
                0x00000000       0xdc ./drivers/fsl_clock.o
 .text.CLOCK_SetFeiMode
                0x00000000       0xdc ./drivers/fsl_clock.o
 .text.CLOCK_SetFeeMode
                0x00000000      0x12c ./drivers/fsl_clock.o
 .text.CLOCK_SetFbiMode
                0x00000000       0xf0 ./drivers/fsl_clock.o
 .text.CLOCK_SetFbeMode
                0x00000000      0x14c ./drivers/fsl_clock.o
 .text.CLOCK_SetBlpiMode
                0x00000000       0x20 ./drivers/fsl_clock.o
 .text.CLOCK_SetBlpeMode
                0x00000000       0x20 ./drivers/fsl_clock.o
 .text.CLOCK_SetPeeMode
                0x00000000       0x34 ./drivers/fsl_clock.o
 .text.CLOCK_ExternalModeToFbeModeQuick
                0x00000000       0x6c ./drivers/fsl_clock.o
 .text.CLOCK_InternalModeToFbiModeQuick
                0x00000000       0x48 ./drivers/fsl_clock.o
 .text.CLOCK_BootToFeiMode
                0x00000000       0x2e ./drivers/fsl_clock.o
 .text.CLOCK_BootToFeeMode
                0x00000000       0x4e ./drivers/fsl_clock.o
 .text.CLOCK_BootToBlpiMode
                0x00000000       0x78 ./drivers/fsl_clock.o
 .text.CLOCK_BootToBlpeMode
                0x00000000       0x7c ./drivers/fsl_clock.o
 .rodata.mcgModeMatrix
                0x00000000       0x40 ./drivers/fsl_clock.o
 .text.CLOCK_SetMcgConfig
                0x00000000      0x1bc ./drivers/fsl_clock.o
 .rodata.CLOCK_SetMcgConfig
                0x00000000       0x20 ./drivers/fsl_clock.o
 .rodata.__func__.5359
                0x00000000       0x17 ./drivers/fsl_clock.o
 .rodata.__func__.5367
                0x00000000       0x16 ./drivers/fsl_clock.o
 .rodata.trimRange.5526
                0x00000000       0x10 ./drivers/fsl_clock.o
 .text          0x00000000        0x0 ./drivers/fsl_common.o
 .data          0x00000000        0x0 ./drivers/fsl_common.o
 .bss           0x00000000        0x0 ./drivers/fsl_common.o
 .text.DisableGlobalIRQ
                0x00000000       0x1c ./drivers/fsl_common.o
 .text.EnableGlobalIRQ
                0x00000000       0x1a ./drivers/fsl_common.o
 .text.InstallIRQHandler
                0x00000000       0x98 ./drivers/fsl_common.o
 .text          0x00000000        0x0 ./drivers/fsl_flash.o
 .data          0x00000000        0x0 ./drivers/fsl_flash.o
 .bss           0x00000000        0x0 ./drivers/fsl_flash.o
 .rodata.kFCCOBx
                0x00000000        0x4 ./drivers/fsl_flash.o
 .rodata.kFPROTL
                0x00000000        0x4 ./drivers/fsl_flash.o
 .bss.callFlashRunCommand
                0x00000000        0x4 ./drivers/fsl_flash.o
 .bss.callFlashCommonBitOperation
                0x00000000        0x4 ./drivers/fsl_flash.o
 .rodata.s_flashRunCommandFunctionCode
                0x00000000        0xc ./drivers/fsl_flash.o
 .rodata.s_flashCommonBitOperationFunctionCode
                0x00000000       0x1c ./drivers/fsl_flash.o
 .bss.s_flashRunCommand
                0x00000000       0x40 ./drivers/fsl_flash.o
 .bss.s_flashCommonBitOperation
                0x00000000       0x40 ./drivers/fsl_flash.o
 .bss.s_flashExecuteInRamFunctionInfo
                0x00000000        0xc ./drivers/fsl_flash.o
 .rodata.kPFlashDensities
                0x00000000       0x1e ./drivers/fsl_flash.o
 .text.FLASH_Init
                0x00000000       0xcc ./drivers/fsl_flash.o
 .text.FLASH_SetCallback
                0x00000000       0x24 ./drivers/fsl_flash.o
 .text.FLASH_PrepareExecuteInRamFunctions
                0x00000000       0x3c ./drivers/fsl_flash.o
 .text.FLASH_EraseAll
                0x00000000       0x60 ./drivers/fsl_flash.o
 .text.FLASH_Erase
                0x00000000       0xf4 ./drivers/fsl_flash.o
 .text.FLASH_EraseAllExecuteOnlySegments
                0x00000000       0x60 ./drivers/fsl_flash.o
 .text.FLASH_Program
                0x00000000      0x100 ./drivers/fsl_flash.o
 .text.FLASH_ProgramOnce
                0x00000000       0x8c ./drivers/fsl_flash.o
 .text.FLASH_ReadResource
                0x00000000      0x110 ./drivers/fsl_flash.o
 .text.FLASH_ReadOnce
                0x00000000       0x80 ./drivers/fsl_flash.o
 .text.FLASH_GetSecurityState
                0x00000000       0x64 ./drivers/fsl_flash.o
 .text.FLASH_SecurityBypass
                0x00000000       0xb4 ./drivers/fsl_flash.o
 .text.FLASH_VerifyEraseAll
                0x00000000       0x40 ./drivers/fsl_flash.o
 .text.FLASH_VerifyErase
                0x00000000      0x10c ./drivers/fsl_flash.o
 .text.FLASH_VerifyProgram
                0x00000000       0xec ./drivers/fsl_flash.o
 .text.FLASH_VerifyEraseAllExecuteOnlySegments
                0x00000000       0x40 ./drivers/fsl_flash.o
 .text.FLASH_IsProtected
                0x00000000      0x288 ./drivers/fsl_flash.o
 .text.FLASH_IsExecuteOnly
                0x00000000       0x42 ./drivers/fsl_flash.o
 .text.FLASH_GetProperty
                0x00000000       0xac ./drivers/fsl_flash.o
 .rodata.FLASH_GetProperty
                0x00000000       0x28 ./drivers/fsl_flash.o
 .text.FLASH_SetProperty
                0x00000000       0x62 ./drivers/fsl_flash.o
 .text.FLASH_PflashSetProtection
                0x00000000       0x3c ./drivers/fsl_flash.o
 .text.FLASH_PflashGetProtection
                0x00000000       0x30 ./drivers/fsl_flash.o
 .text.FLASH_PflashSetPrefetchSpeculation
                0x00000000       0x78 ./drivers/fsl_flash.o
 .text.FLASH_PflashGetPrefetchSpeculation
                0x00000000       0x5c ./drivers/fsl_flash.o
 .text.copy_flash_run_command
                0x00000000       0x30 ./drivers/fsl_flash.o
 .text.flash_command_sequence
                0x00000000       0x78 ./drivers/fsl_flash.o
 .text.copy_flash_common_bit_operation
                0x00000000       0x3c ./drivers/fsl_flash.o
 .text.mcm_flash_cache_clear
                0x00000000       0x2c ./drivers/fsl_flash.o
 .text.flash_cache_clear
                0x00000000       0x1a ./drivers/fsl_flash.o
 .text.flash_cache_clear_process
                0x00000000       0x3a ./drivers/fsl_flash.o
 .text.flash_check_execute_in_ram_function_info
                0x00000000       0x36 ./drivers/fsl_flash.o
 .text.flash_check_range
                0x00000000       0x5c ./drivers/fsl_flash.o
 .text.flash_get_matched_operation_info
                0x00000000       0x76 ./drivers/fsl_flash.o
 .text.flash_check_user_key
                0x00000000       0x24 ./drivers/fsl_flash.o
 .text.flash_check_resource_range
                0x00000000       0x90 ./drivers/fsl_flash.o
 .text.flash_get_protection_info
                0x00000000       0x68 ./drivers/fsl_flash.o
 .debug_info    0x00000000     0x239a ./drivers/fsl_flash.o
 .debug_abbrev  0x00000000      0x35b ./drivers/fsl_flash.o
 .debug_aranges
                0x00000000      0x138 ./drivers/fsl_flash.o
 .debug_ranges  0x00000000      0x128 ./drivers/fsl_flash.o
 .debug_line    0x00000000      0xd82 ./drivers/fsl_flash.o
 .debug_str     0x00000000     0x223a ./drivers/fsl_flash.o
 .comment       0x00000000       0x76 ./drivers/fsl_flash.o
 .debug_frame   0x00000000      0x490 ./drivers/fsl_flash.o
 .ARM.attributes
                0x00000000       0x2c ./drivers/fsl_flash.o
 .text          0x00000000        0x0 ./drivers/fsl_gpio.o
 .data          0x00000000        0x0 ./drivers/fsl_gpio.o
 .bss           0x00000000        0x0 ./drivers/fsl_gpio.o
 .text.GPIO_WritePinOutput
                0x00000000       0x34 ./drivers/fsl_gpio.o
 .rodata.s_portBases
                0x00000000       0x14 ./drivers/fsl_gpio.o
 .rodata.s_gpioBases
                0x00000000       0x14 ./drivers/fsl_gpio.o
 .rodata        0x00000000       0x43 ./drivers/fsl_gpio.o
 .text.GPIO_GetInstance
                0x00000000       0x58 ./drivers/fsl_gpio.o
 .text.GPIO_PinInit
                0x00000000       0x70 ./drivers/fsl_gpio.o
 .text.GPIO_GetPinsInterruptFlags
                0x00000000       0x38 ./drivers/fsl_gpio.o
 .text.GPIO_ClearPinsInterruptFlags
                0x00000000       0x3c ./drivers/fsl_gpio.o
 .rodata.__func__.5341
                0x00000000       0x11 ./drivers/fsl_gpio.o
 .rodata.__func__.5347
                0x00000000        0xd ./drivers/fsl_gpio.o
 .debug_info    0x00000000      0xe2c ./drivers/fsl_gpio.o
 .debug_abbrev  0x00000000      0x299 ./drivers/fsl_gpio.o
 .debug_aranges
                0x00000000       0x40 ./drivers/fsl_gpio.o
 .debug_ranges  0x00000000       0x30 ./drivers/fsl_gpio.o
 .debug_line    0x00000000      0x35e ./drivers/fsl_gpio.o
 .debug_str     0x00000000      0xbd9 ./drivers/fsl_gpio.o
 .comment       0x00000000       0x76 ./drivers/fsl_gpio.o
 .debug_frame   0x00000000       0xb0 ./drivers/fsl_gpio.o
 .ARM.attributes
                0x00000000       0x2c ./drivers/fsl_gpio.o
 .text          0x00000000        0x0 ./drivers/fsl_lpsci.o
 .data          0x00000000        0x0 ./drivers/fsl_lpsci.o
 .bss           0x00000000        0x0 ./drivers/fsl_lpsci.o
 .text.NVIC_EnableIRQ
                0x00000000       0x2c ./drivers/fsl_lpsci.o
 .text.CLOCK_DisableClock
                0x00000000       0x38 ./drivers/fsl_lpsci.o
 .text.EnableIRQ
                0x00000000       0x2c ./drivers/fsl_lpsci.o
 .rodata.s_lpsciBases
                0x00000000        0x4 ./drivers/fsl_lpsci.o
 .rodata.s_lpsciIRQ
                0x00000000        0x1 ./drivers/fsl_lpsci.o
 .rodata.s_lpsciClock
                0x00000000        0x4 ./drivers/fsl_lpsci.o
 .text.LPSCI_TransferGetRxRingBufferLength
                0x00000000       0x6c ./drivers/fsl_lpsci.o
 .text.LPSCI_TransferIsRxRingBufferFull
                0x00000000       0x5c ./drivers/fsl_lpsci.o
 .text.LPSCI_ReadNonBlocking
                0x00000000       0x54 ./drivers/fsl_lpsci.o
 .text.LPSCI_WriteNonBlocking
                0x00000000       0x54 ./drivers/fsl_lpsci.o
 .text.LPSCI_Deinit
                0x00000000       0x34 ./drivers/fsl_lpsci.o
 .text.LPSCI_SetBaudRate
                0x00000000      0x1b8 ./drivers/fsl_lpsci.o
 .text.LPSCI_EnableInterrupts
                0x00000000       0x58 ./drivers/fsl_lpsci.o
 .text.LPSCI_DisableInterrupts
                0x00000000       0x64 ./drivers/fsl_lpsci.o
 .text.LPSCI_GetEnabledInterrupts
                0x00000000       0x38 ./drivers/fsl_lpsci.o
 .text.LPSCI_TransferCreateHandle
                0x00000000       0x90 ./drivers/fsl_lpsci.o
 .text.LPSCI_TransferStartRingBuffer
                0x00000000       0x98 ./drivers/fsl_lpsci.o
 .text.LPSCI_TransferStopRingBuffer
                0x00000000       0x84 ./drivers/fsl_lpsci.o
 .text.LPSCI_TransferSendNonBlocking
                0x00000000       0xd0 ./drivers/fsl_lpsci.o
 .text.LPSCI_TransferAbortSend
                0x00000000       0x50 ./drivers/fsl_lpsci.o
 .text.LPSCI_TransferGetSendCount
                0x00000000       0x70 ./drivers/fsl_lpsci.o
 .text.LPSCI_TransferReceiveNonBlocking
                0x00000000      0x1f8 ./drivers/fsl_lpsci.o
 .text.LPSCI_TransferAbortReceive
                0x00000000       0x78 ./drivers/fsl_lpsci.o
 .text.LPSCI_TransferGetReceiveCount
                0x00000000       0x70 ./drivers/fsl_lpsci.o
 .text.LPSCI_TransferHandleIRQ
                0x00000000      0x394 ./drivers/fsl_lpsci.o
 .text.LPSCI_TransferHandleErrorIRQ
                0x00000000       0x12 ./drivers/fsl_lpsci.o
 .rodata.__func__.5511
                0x00000000       0x24 ./drivers/fsl_lpsci.o
 .rodata.__func__.5516
                0x00000000       0x21 ./drivers/fsl_lpsci.o
 .rodata.__func__.5523
                0x00000000       0x16 ./drivers/fsl_lpsci.o
 .rodata.__func__.5533
                0x00000000       0x17 ./drivers/fsl_lpsci.o
 .rodata.__func__.5570
                0x00000000       0x12 ./drivers/fsl_lpsci.o
 .rodata.__func__.5635
                0x00000000       0x1b ./drivers/fsl_lpsci.o
 .rodata.__func__.5643
                0x00000000       0x1e ./drivers/fsl_lpsci.o
 .rodata.__func__.5648
                0x00000000       0x1d ./drivers/fsl_lpsci.o
 .rodata.__func__.5654
                0x00000000       0x1e ./drivers/fsl_lpsci.o
 .rodata.__func__.5660
                0x00000000       0x18 ./drivers/fsl_lpsci.o
 .rodata.__func__.5666
                0x00000000       0x1b ./drivers/fsl_lpsci.o
 .rodata.__func__.5673
                0x00000000       0x21 ./drivers/fsl_lpsci.o
 .rodata.__func__.5686
                0x00000000       0x1b ./drivers/fsl_lpsci.o
 .rodata.__func__.5692
                0x00000000       0x1e ./drivers/fsl_lpsci.o
 .rodata.__func__.5697
                0x00000000       0x18 ./drivers/fsl_lpsci.o
 .text          0x00000000        0x0 ./drivers/fsl_smc.o
 .data          0x00000000        0x0 ./drivers/fsl_smc.o
 .bss           0x00000000        0x0 ./drivers/fsl_smc.o
 .rodata        0x00000000        0x2 ./drivers/fsl_smc.o
 .text.SMC_PreEnterStopModes
                0x00000000       0x28 ./drivers/fsl_smc.o
 .text.SMC_PostExitStopModes
                0x00000000       0x28 ./drivers/fsl_smc.o
 .text.SMC_SetPowerModeRun
                0x00000000       0x38 ./drivers/fsl_smc.o
 .text.SMC_SetPowerModeWait
                0x00000000       0x2c ./drivers/fsl_smc.o
 .text.SMC_SetPowerModeStop
                0x00000000       0xa0 ./drivers/fsl_smc.o
 .text.SMC_SetPowerModeVlpr
                0x00000000       0x3c ./drivers/fsl_smc.o
 .text.SMC_SetPowerModeVlpw
                0x00000000       0x2c ./drivers/fsl_smc.o
 .text.SMC_SetPowerModeVlps
                0x00000000       0x70 ./drivers/fsl_smc.o
 .text.SMC_SetPowerModeLls
                0x00000000       0x70 ./drivers/fsl_smc.o
 .text.SMC_SetPowerModeVlls
                0x00000000       0xd0 ./drivers/fsl_smc.o
 .debug_info    0x00000000      0xffd ./drivers/fsl_smc.o
 .debug_abbrev  0x00000000      0x2fa ./drivers/fsl_smc.o
 .debug_aranges
                0x00000000       0x68 ./drivers/fsl_smc.o
 .debug_ranges  0x00000000       0x58 ./drivers/fsl_smc.o
 .debug_line    0x00000000      0x4c6 ./drivers/fsl_smc.o
 .debug_str     0x00000000      0xaaf ./drivers/fsl_smc.o
 .comment       0x00000000       0x76 ./drivers/fsl_smc.o
 .debug_frame   0x00000000      0x150 ./drivers/fsl_smc.o
 .ARM.attributes
                0x00000000       0x2c ./drivers/fsl_smc.o
 .text          0x00000000        0x0 ./drivers/fsl_uart.o
 .data          0x00000000        0x0 ./drivers/fsl_uart.o
 .bss           0x00000000        0x0 ./drivers/fsl_uart.o
 .text.NVIC_EnableIRQ
                0x00000000       0x2c ./drivers/fsl_uart.o
 .text.CLOCK_DisableClock
                0x00000000       0x38 ./drivers/fsl_uart.o
 .text.EnableIRQ
                0x00000000       0x2c ./drivers/fsl_uart.o
 .rodata.s_uartIRQ
                0x00000000        0x3 ./drivers/fsl_uart.o
 .text.UART_TransferGetRxRingBufferLength
                0x00000000       0x6c ./drivers/fsl_uart.o
 .text.UART_TransferIsRxRingBufferFull
                0x00000000       0x5c ./drivers/fsl_uart.o
 .text.UART_Deinit
                0x00000000       0x40 ./drivers/fsl_uart.o
 .text.UART_SetBaudRate
                0x00000000      0x130 ./drivers/fsl_uart.o
 .text.UART_EnableInterrupts
                0x00000000       0x58 ./drivers/fsl_uart.o
 .text.UART_DisableInterrupts
                0x00000000       0x64 ./drivers/fsl_uart.o
 .text.UART_GetEnabledInterrupts
                0x00000000       0x38 ./drivers/fsl_uart.o
 .text.UART_ClearStatusFlags
                0x00000000       0x7c ./drivers/fsl_uart.o
 .text.UART_WriteNonBlocking
                0x00000000       0x58 ./drivers/fsl_uart.o
 .text.UART_ReadNonBlocking
                0x00000000       0x58 ./drivers/fsl_uart.o
 .text.UART_TransferCreateHandle
                0x00000000       0x9c ./drivers/fsl_uart.o
 .text.UART_TransferStartRingBuffer
                0x00000000       0x98 ./drivers/fsl_uart.o
 .text.UART_TransferStopRingBuffer
                0x00000000       0x84 ./drivers/fsl_uart.o
 .text.UART_TransferSendNonBlocking
                0x00000000       0xd0 ./drivers/fsl_uart.o
 .text.UART_TransferAbortSend
                0x00000000       0x50 ./drivers/fsl_uart.o
 .text.UART_TransferGetSendCount
                0x00000000       0x70 ./drivers/fsl_uart.o
 .text.UART_TransferReceiveNonBlocking
                0x00000000      0x1f8 ./drivers/fsl_uart.o
 .text.UART_TransferAbortReceive
                0x00000000       0x78 ./drivers/fsl_uart.o
 .text.UART_TransferGetReceiveCount
                0x00000000       0x7c ./drivers/fsl_uart.o
 .text.UART_TransferHandleIRQ
                0x00000000      0x3a8 ./drivers/fsl_uart.o
 .text.UART_TransferHandleErrorIRQ
                0x00000000       0x12 ./drivers/fsl_uart.o
 .text.UART1_RX_TX_DriverIRQHandler
                0x00000000        0xe ./drivers/fsl_uart.o
 .text.UART2_RX_TX_DriverIRQHandler
                0x00000000        0xe ./drivers/fsl_uart.o
 .rodata.__func__.5514
                0x00000000       0x23 ./drivers/fsl_uart.o
 .rodata.__func__.5519
                0x00000000       0x20 ./drivers/fsl_uart.o
 .rodata.__func__.5545
                0x00000000       0x11 ./drivers/fsl_uart.o
 .rodata.__func__.5587
                0x00000000       0x16 ./drivers/fsl_uart.o
 .rodata.__func__.5610
                0x00000000       0x15 ./drivers/fsl_uart.o
 .rodata.__func__.5621
                0x00000000       0x1a ./drivers/fsl_uart.o
 .rodata.__func__.5629
                0x00000000       0x1d ./drivers/fsl_uart.o
 .rodata.__func__.5634
                0x00000000       0x1c ./drivers/fsl_uart.o
 .rodata.__func__.5640
                0x00000000       0x1d ./drivers/fsl_uart.o
 .rodata.__func__.5646
                0x00000000       0x17 ./drivers/fsl_uart.o
 .rodata.__func__.5652
                0x00000000       0x1a ./drivers/fsl_uart.o
 .rodata.__func__.5659
                0x00000000       0x20 ./drivers/fsl_uart.o
 .rodata.__func__.5672
                0x00000000       0x1a ./drivers/fsl_uart.o
 .rodata.__func__.5678
                0x00000000       0x1d ./drivers/fsl_uart.o
 .rodata.__func__.5683
                0x00000000       0x17 ./drivers/fsl_uart.o
 .text          0x00000000        0x0 ./board/board.o
 .data          0x00000000        0x0 ./board/board.o
 .bss           0x00000000        0x0 ./board/board.o
 .text          0x00000000        0x0 ./board/clock_config.o
 .data          0x00000000        0x0 ./board/clock_config.o
 .bss           0x00000000        0x0 ./board/clock_config.o
 .text.SMC_SetPowerModeProtection
                0x00000000       0x1e ./board/clock_config.o
 .text.SMC_GetPowerModeState
                0x00000000       0x16 ./board/clock_config.o
 .rodata.mcgConfig_BOARD_BootClockVLPR
                0x00000000        0xa ./board/clock_config.o
 .rodata.simConfig_BOARD_BootClockVLPR
                0x00000000        0x8 ./board/clock_config.o
 .rodata.oscConfig_BOARD_BootClockVLPR
                0x00000000        0x8 ./board/clock_config.o
 .text.BOARD_BootClockVLPR
                0x00000000       0x5c ./board/clock_config.o
 .text          0x00000000        0x0 ./board/peripherals.o
 .data          0x00000000        0x0 ./board/peripherals.o
 .bss           0x00000000        0x0 ./board/peripherals.o
 .text          0x00000000        0x0 ./board/pin_mux.o
 .data          0x00000000        0x0 ./board/pin_mux.o
 .bss           0x00000000        0x0 ./board/pin_mux.o
 .text          0x00000000        0x0 c:/nxp/mcuxpressoide_11.0.1_2563/ide/plugins/com.nxp.mcuxpresso.tools.win32_11.0.1.201907311258/tools/bin/../lib/gcc/arm-none-eabi/8.2.1/../../../../arm-none-eabi/lib/thumb/v6-m/nofp\libcr_c.a(memcpy.o)
 .data          0x00000000        0x0 c:/nxp/mcuxpressoide_11.0.1_2563/ide/plugins/com.nxp.mcuxpresso.tools.win32_11.0.1.201907311258/tools/bin/../lib/gcc/arm-none-eabi/8.2.1/../../../../arm-none-eabi/lib/thumb/v6-m/nofp\libcr_c.a(memcpy.o)
 .bss           0x00000000        0x0 c:/nxp/mcuxpressoide_11.0.1_2563/ide/plugins/com.nxp.mcuxpresso.tools.win32_11.0.1.201907311258/tools/bin/../lib/gcc/arm-none-eabi/8.2.1/../../../../arm-none-eabi/lib/thumb/v6-m/nofp\libcr_c.a(memcpy.o)
 .text.memcpy   0x00000000        0x8 c:/nxp/mcuxpressoide_11.0.1_2563/ide/plugins/com.nxp.mcuxpresso.tools.win32_11.0.1.201907311258/tools/bin/../lib/gcc/arm-none-eabi/8.2.1/../../../../arm-none-eabi/lib/thumb/v6-m/nofp\libcr_c.a(memcpy.o)
 .comment       0x00000000       0x76 c:/nxp/mcuxpressoide_11.0.1_2563/ide/plugins/com.nxp.mcuxpresso.tools.win32_11.0.1.201907311258/tools/bin/../lib/gcc/arm-none-eabi/8.2.1/../../../../arm-none-eabi/lib/thumb/v6-m/nofp\libcr_c.a(memcpy.o)
 .ARM.attributes
                0x00000000       0x2c c:/nxp/mcuxpressoide_11.0.1_2563/ide/plugins/com.nxp.mcuxpresso.tools.win32_11.0.1.201907311258/tools/bin/../lib/gcc/arm-none-eabi/8.2.1/../../../../arm-none-eabi/lib/thumb/v6-m/nofp\libcr_c.a(memcpy.o)
 .text          0x00000000        0x0 c:/nxp/mcuxpressoide_11.0.1_2563/ide/plugins/com.nxp.mcuxpresso.tools.win32_11.0.1.201907311258/tools/bin/../lib/gcc/arm-none-eabi/8.2.1/../../../../arm-none-eabi/lib/thumb/v6-m/nofp\libcr_c.a(memset.o)
 .data          0x00000000        0x0 c:/nxp/mcuxpressoide_11.0.1_2563/ide/plugins/com.nxp.mcuxpresso.tools.win32_11.0.1.201907311258/tools/bin/../lib/gcc/arm-none-eabi/8.2.1/../../../../arm-none-eabi/lib/thumb/v6-m/nofp\libcr_c.a(memset.o)
 .bss           0x00000000        0x0 c:/nxp/mcuxpressoide_11.0.1_2563/ide/plugins/com.nxp.mcuxpresso.tools.win32_11.0.1.201907311258/tools/bin/../lib/gcc/arm-none-eabi/8.2.1/../../../../arm-none-eabi/lib/thumb/v6-m/nofp\libcr_c.a(memset.o)
 .text.memset   0x00000000        0x8 c:/nxp/mcuxpressoide_11.0.1_2563/ide/plugins/com.nxp.mcuxpresso.tools.win32_11.0.1.201907311258/tools/bin/../lib/gcc/arm-none-eabi/8.2.1/../../../../arm-none-eabi/lib/thumb/v6-m/nofp\libcr_c.a(memset.o)
 .comment       0x00000000       0x76 c:/nxp/mcuxpressoide_11.0.1_2563/ide/plugins/com.nxp.mcuxpresso.tools.win32_11.0.1.201907311258/tools/bin/../lib/gcc/arm-none-eabi/8.2.1/../../../../arm-none-eabi/lib/thumb/v6-m/nofp\libcr_c.a(memset.o)
 .ARM.attributes
                0x00000000       0x2c c:/nxp/mcuxpressoide_11.0.1_2563/ide/plugins/com.nxp.mcuxpresso.tools.win32_11.0.1.201907311258/tools/bin/../lib/gcc/arm-none-eabi/8.2.1/../../../../arm-none-eabi/lib/thumb/v6-m/nofp\libcr_c.a(memset.o)
 .text          0x00000000        0x0 c:/nxp/mcuxpressoide_11.0.1_2563/ide/plugins/com.nxp.mcuxpresso.tools.win32_11.0.1.201907311258/tools/bin/../lib/gcc/arm-none-eabi/8.2.1/../../../../arm-none-eabi/lib/thumb/v6-m/nofp\libcr_c.a(strlen.o)
 .data          0x00000000        0x0 c:/nxp/mcuxpressoide_11.0.1_2563/ide/plugins/com.nxp.mcuxpresso.tools.win32_11.0.1.201907311258/tools/bin/../lib/gcc/arm-none-eabi/8.2.1/../../../../arm-none-eabi/lib/thumb/v6-m/nofp\libcr_c.a(strlen.o)
 .bss           0x00000000        0x0 c:/nxp/mcuxpressoide_11.0.1_2563/ide/plugins/com.nxp.mcuxpresso.tools.win32_11.0.1.201907311258/tools/bin/../lib/gcc/arm-none-eabi/8.2.1/../../../../arm-none-eabi/lib/thumb/v6-m/nofp\libcr_c.a(strlen.o)
 .text          0x00000000        0x0 c:/nxp/mcuxpressoide_11.0.1_2563/ide/plugins/com.nxp.mcuxpresso.tools.win32_11.0.1.201907311258/tools/bin/../lib/gcc/arm-none-eabi/8.2.1/thumb/v6-m/nofp\libcr_eabihelpers.a(division_32.o)
 .data          0x00000000        0x0 c:/nxp/mcuxpressoide_11.0.1_2563/ide/plugins/com.nxp.mcuxpresso.tools.win32_11.0.1.201907311258/tools/bin/../lib/gcc/arm-none-eabi/8.2.1/thumb/v6-m/nofp\libcr_eabihelpers.a(division_32.o)
 .bss           0x00000000        0x0 c:/nxp/mcuxpressoide_11.0.1_2563/ide/plugins/com.nxp.mcuxpresso.tools.win32_11.0.1.201907311258/tools/bin/../lib/gcc/arm-none-eabi/8.2.1/thumb/v6-m/nofp\libcr_eabihelpers.a(division_32.o)
 .text          0x00000000        0x0 c:/nxp/mcuxpressoide_11.0.1_2563/ide/plugins/com.nxp.mcuxpresso.tools.win32_11.0.1.201907311258/tools/bin/../lib/gcc/arm-none-eabi/8.2.1/thumb/v6-m/nofp\libcr_eabihelpers.a(division_idiv0.o)
 .data          0x00000000        0x0 c:/nxp/mcuxpressoide_11.0.1_2563/ide/plugins/com.nxp.mcuxpresso.tools.win32_11.0.1.201907311258/tools/bin/../lib/gcc/arm-none-eabi/8.2.1/thumb/v6-m/nofp\libcr_eabihelpers.a(division_idiv0.o)
 .bss           0x00000000        0x0 c:/nxp/mcuxpressoide_11.0.1_2563/ide/plugins/com.nxp.mcuxpresso.tools.win32_11.0.1.201907311258/tools/bin/../lib/gcc/arm-none-eabi/8.2.1/thumb/v6-m/nofp\libcr_eabihelpers.a(division_idiv0.o)
 .text          0x00000000        0x0 c:/nxp/mcuxpressoide_11.0.1_2563/ide/plugins/com.nxp.mcuxpresso.tools.win32_11.0.1.201907311258/tools/bin/../lib/gcc/arm-none-eabi/8.2.1/thumb/v6-m/nofp\libcr_eabihelpers.a(double.o)
 .data          0x00000000        0x0 c:/nxp/mcuxpressoide_11.0.1_2563/ide/plugins/com.nxp.mcuxpresso.tools.win32_11.0.1.201907311258/tools/bin/../lib/gcc/arm-none-eabi/8.2.1/thumb/v6-m/nofp\libcr_eabihelpers.a(double.o)
 .bss           0x00000000        0x0 c:/nxp/mcuxpressoide_11.0.1_2563/ide/plugins/com.nxp.mcuxpresso.tools.win32_11.0.1.201907311258/tools/bin/../lib/gcc/arm-none-eabi/8.2.1/thumb/v6-m/nofp\libcr_eabihelpers.a(double.o)
 .text.__aeabi_ddiv
                0x00000000      0x148 c:/nxp/mcuxpressoide_11.0.1_2563/ide/plugins/com.nxp.mcuxpresso.tools.win32_11.0.1.201907311258/tools/bin/../lib/gcc/arm-none-eabi/8.2.1/thumb/v6-m/nofp\libcr_eabihelpers.a(double.o)
 .text.__aeabi_dsub
                0x00000000      0x1c4 c:/nxp/mcuxpressoide_11.0.1_2563/ide/plugins/com.nxp.mcuxpresso.tools.win32_11.0.1.201907311258/tools/bin/../lib/gcc/arm-none-eabi/8.2.1/thumb/v6-m/nofp\libcr_eabihelpers.a(double.o)
 .text.__aeabi_dadd
                0x00000000      0x12c c:/nxp/mcuxpressoide_11.0.1_2563/ide/plugins/com.nxp.mcuxpresso.tools.win32_11.0.1.201907311258/tools/bin/../lib/gcc/arm-none-eabi/8.2.1/thumb/v6-m/nofp\libcr_eabihelpers.a(double.o)
 .text.__aeabi_drsub
                0x00000000       0x14 c:/nxp/mcuxpressoide_11.0.1_2563/ide/plugins/com.nxp.mcuxpresso.tools.win32_11.0.1.201907311258/tools/bin/../lib/gcc/arm-none-eabi/8.2.1/thumb/v6-m/nofp\libcr_eabihelpers.a(double.o)
 .text.__aeabi_dneg
                0x00000000        0xc c:/nxp/mcuxpressoide_11.0.1_2563/ide/plugins/com.nxp.mcuxpresso.tools.win32_11.0.1.201907311258/tools/bin/../lib/gcc/arm-none-eabi/8.2.1/thumb/v6-m/nofp\libcr_eabihelpers.a(double.o)
 .text.__aeabi_d2f
                0x00000000       0x60 c:/nxp/mcuxpressoide_11.0.1_2563/ide/plugins/com.nxp.mcuxpresso.tools.win32_11.0.1.201907311258/tools/bin/../lib/gcc/arm-none-eabi/8.2.1/thumb/v6-m/nofp\libcr_eabihelpers.a(double.o)
 .text.__aeabi_d2iz
                0x00000000       0x4c c:/nxp/mcuxpressoide_11.0.1_2563/ide/plugins/com.nxp.mcuxpresso.tools.win32_11.0.1.201907311258/tools/bin/../lib/gcc/arm-none-eabi/8.2.1/thumb/v6-m/nofp\libcr_eabihelpers.a(double.o)
 .text.__aeabi_d2lz
                0x00000000       0x80 c:/nxp/mcuxpressoide_11.0.1_2563/ide/plugins/com.nxp.mcuxpresso.tools.win32_11.0.1.201907311258/tools/bin/../lib/gcc/arm-none-eabi/8.2.1/thumb/v6-m/nofp\libcr_eabihelpers.a(double.o)
 .text.__aeabi_d2ulz
                0x00000000       0x58 c:/nxp/mcuxpressoide_11.0.1_2563/ide/plugins/com.nxp.mcuxpresso.tools.win32_11.0.1.201907311258/tools/bin/../lib/gcc/arm-none-eabi/8.2.1/thumb/v6-m/nofp\libcr_eabihelpers.a(double.o)
 .text.__bhs_ul2d
                0x00000000       0xb4 c:/nxp/mcuxpressoide_11.0.1_2563/ide/plugins/com.nxp.mcuxpresso.tools.win32_11.0.1.201907311258/tools/bin/../lib/gcc/arm-none-eabi/8.2.1/thumb/v6-m/nofp\libcr_eabihelpers.a(double.o)
 .text.__aeabi_i2d
                0x00000000       0x18 c:/nxp/mcuxpressoide_11.0.1_2563/ide/plugins/com.nxp.mcuxpresso.tools.win32_11.0.1.201907311258/tools/bin/../lib/gcc/arm-none-eabi/8.2.1/thumb/v6-m/nofp\libcr_eabihelpers.a(double.o)
 .text.__aeabi_l2d
                0x00000000       0x22 c:/nxp/mcuxpressoide_11.0.1_2563/ide/plugins/com.nxp.mcuxpresso.tools.win32_11.0.1.201907311258/tools/bin/../lib/gcc/arm-none-eabi/8.2.1/thumb/v6-m/nofp\libcr_eabihelpers.a(double.o)
 .text.__aeabi_ul2d
                0x00000000        0xc c:/nxp/mcuxpressoide_11.0.1_2563/ide/plugins/com.nxp.mcuxpresso.tools.win32_11.0.1.201907311258/tools/bin/../lib/gcc/arm-none-eabi/8.2.1/thumb/v6-m/nofp\libcr_eabihelpers.a(double.o)
 .text.__aeabi_dcmpeq
                0x00000000       0x30 c:/nxp/mcuxpressoide_11.0.1_2563/ide/plugins/com.nxp.mcuxpresso.tools.win32_11.0.1.201907311258/tools/bin/../lib/gcc/arm-none-eabi/8.2.1/thumb/v6-m/nofp\libcr_eabihelpers.a(double.o)
 .text.__aeabi_dcmplt
                0x00000000       0x60 c:/nxp/mcuxpressoide_11.0.1_2563/ide/plugins/com.nxp.mcuxpresso.tools.win32_11.0.1.201907311258/tools/bin/../lib/gcc/arm-none-eabi/8.2.1/thumb/v6-m/nofp\libcr_eabihelpers.a(double.o)
 .text.__aeabi_dcmpgt
                0x00000000       0x58 c:/nxp/mcuxpressoide_11.0.1_2563/ide/plugins/com.nxp.mcuxpresso.tools.win32_11.0.1.201907311258/tools/bin/../lib/gcc/arm-none-eabi/8.2.1/thumb/v6-m/nofp\libcr_eabihelpers.a(double.o)
 .text.__aeabi_dcmple
                0x00000000       0x58 c:/nxp/mcuxpressoide_11.0.1_2563/ide/plugins/com.nxp.mcuxpresso.tools.win32_11.0.1.201907311258/tools/bin/../lib/gcc/arm-none-eabi/8.2.1/thumb/v6-m/nofp\libcr_eabihelpers.a(double.o)
 .text.__aeabi_dcmpge
                0x00000000       0x60 c:/nxp/mcuxpressoide_11.0.1_2563/ide/plugins/com.nxp.mcuxpresso.tools.win32_11.0.1.201907311258/tools/bin/../lib/gcc/arm-none-eabi/8.2.1/thumb/v6-m/nofp\libcr_eabihelpers.a(double.o)
 .text.__aeabi_dcmpun
                0x00000000       0x18 c:/nxp/mcuxpressoide_11.0.1_2563/ide/plugins/com.nxp.mcuxpresso.tools.win32_11.0.1.201907311258/tools/bin/../lib/gcc/arm-none-eabi/8.2.1/thumb/v6-m/nofp\libcr_eabihelpers.a(double.o)
 .text.__aeabi_cdcmple
                0x00000000       0x2e c:/nxp/mcuxpressoide_11.0.1_2563/ide/plugins/com.nxp.mcuxpresso.tools.win32_11.0.1.201907311258/tools/bin/../lib/gcc/arm-none-eabi/8.2.1/thumb/v6-m/nofp\libcr_eabihelpers.a(double.o)
 .text.__aeabi_cdrcmple
                0x00000000       0x14 c:/nxp/mcuxpressoide_11.0.1_2563/ide/plugins/com.nxp.mcuxpresso.tools.win32_11.0.1.201907311258/tools/bin/../lib/gcc/arm-none-eabi/8.2.1/thumb/v6-m/nofp\libcr_eabihelpers.a(double.o)
 .text          0x00000000        0x0 c:/nxp/mcuxpressoide_11.0.1_2563/ide/plugins/com.nxp.mcuxpresso.tools.win32_11.0.1.201907311258/tools/bin/../lib/gcc/arm-none-eabi/8.2.1/thumb/v6-m/nofp\libcr_eabihelpers.a(llong.o)
 .data          0x00000000        0x0 c:/nxp/mcuxpressoide_11.0.1_2563/ide/plugins/com.nxp.mcuxpresso.tools.win32_11.0.1.201907311258/tools/bin/../lib/gcc/arm-none-eabi/8.2.1/thumb/v6-m/nofp\libcr_eabihelpers.a(llong.o)
 .bss           0x00000000        0x0 c:/nxp/mcuxpressoide_11.0.1_2563/ide/plugins/com.nxp.mcuxpresso.tools.win32_11.0.1.201907311258/tools/bin/../lib/gcc/arm-none-eabi/8.2.1/thumb/v6-m/nofp\libcr_eabihelpers.a(llong.o)
 .text.__aeabi_llong_llsl
                0x00000000       0x18 c:/nxp/mcuxpressoide_11.0.1_2563/ide/plugins/com.nxp.mcuxpresso.tools.win32_11.0.1.201907311258/tools/bin/../lib/gcc/arm-none-eabi/8.2.1/thumb/v6-m/nofp\libcr_eabihelpers.a(llong.o)
 .text.__aeabi_llong_llsr
                0x00000000       0x18 c:/nxp/mcuxpressoide_11.0.1_2563/ide/plugins/com.nxp.mcuxpresso.tools.win32_11.0.1.201907311258/tools/bin/../lib/gcc/arm-none-eabi/8.2.1/thumb/v6-m/nofp\libcr_eabihelpers.a(llong.o)
 .text.__aeabi_llong_lasr
                0x00000000       0x18 c:/nxp/mcuxpressoide_11.0.1_2563/ide/plugins/com.nxp.mcuxpresso.tools.win32_11.0.1.201907311258/tools/bin/../lib/gcc/arm-none-eabi/8.2.1/thumb/v6-m/nofp\libcr_eabihelpers.a(llong.o)
 .text.__aeabi_llong_lcmp
                0x00000000       0x14 c:/nxp/mcuxpressoide_11.0.1_2563/ide/plugins/com.nxp.mcuxpresso.tools.win32_11.0.1.201907311258/tools/bin/../lib/gcc/arm-none-eabi/8.2.1/thumb/v6-m/nofp\libcr_eabihelpers.a(llong.o)
 .text.__aeabi_llong_ulcmp
                0x00000000       0x10 c:/nxp/mcuxpressoide_11.0.1_2563/ide/plugins/com.nxp.mcuxpresso.tools.win32_11.0.1.201907311258/tools/bin/../lib/gcc/arm-none-eabi/8.2.1/thumb/v6-m/nofp\libcr_eabihelpers.a(llong.o)
 .text          0x00000000        0x0 c:/nxp/mcuxpressoide_11.0.1_2563/ide/plugins/com.nxp.mcuxpresso.tools.win32_11.0.1.201907311258/tools/bin/../lib/gcc/arm-none-eabi/8.2.1/thumb/v6-m/nofp\libcr_eabihelpers.a(memcpy.o)
 .data          0x00000000        0x0 c:/nxp/mcuxpressoide_11.0.1_2563/ide/plugins/com.nxp.mcuxpresso.tools.win32_11.0.1.201907311258/tools/bin/../lib/gcc/arm-none-eabi/8.2.1/thumb/v6-m/nofp\libcr_eabihelpers.a(memcpy.o)
 .bss           0x00000000        0x0 c:/nxp/mcuxpressoide_11.0.1_2563/ide/plugins/com.nxp.mcuxpresso.tools.win32_11.0.1.201907311258/tools/bin/../lib/gcc/arm-none-eabi/8.2.1/thumb/v6-m/nofp\libcr_eabihelpers.a(memcpy.o)
 .text.__aeabi_memcpy
                0x00000000       0x2c c:/nxp/mcuxpressoide_11.0.1_2563/ide/plugins/com.nxp.mcuxpresso.tools.win32_11.0.1.201907311258/tools/bin/../lib/gcc/arm-none-eabi/8.2.1/thumb/v6-m/nofp\libcr_eabihelpers.a(memcpy.o)
 .text.__aeabi_memmove
                0x00000000       0x1c c:/nxp/mcuxpressoide_11.0.1_2563/ide/plugins/com.nxp.mcuxpresso.tools.win32_11.0.1.201907311258/tools/bin/../lib/gcc/arm-none-eabi/8.2.1/thumb/v6-m/nofp\libcr_eabihelpers.a(memcpy.o)
 .text.__aeabi_memset_lowlevel
                0x00000000       0x2a c:/nxp/mcuxpressoide_11.0.1_2563/ide/plugins/com.nxp.mcuxpresso.tools.win32_11.0.1.201907311258/tools/bin/../lib/gcc/arm-none-eabi/8.2.1/thumb/v6-m/nofp\libcr_eabihelpers.a(memcpy.o)
 .text.__aeabi_memclr
                0x00000000        0x6 c:/nxp/mcuxpressoide_11.0.1_2563/ide/plugins/com.nxp.mcuxpresso.tools.win32_11.0.1.201907311258/tools/bin/../lib/gcc/arm-none-eabi/8.2.1/thumb/v6-m/nofp\libcr_eabihelpers.a(memcpy.o)
 .text.__aeabi_memset
                0x00000000        0x8 c:/nxp/mcuxpressoide_11.0.1_2563/ide/plugins/com.nxp.mcuxpresso.tools.win32_11.0.1.201907311258/tools/bin/../lib/gcc/arm-none-eabi/8.2.1/thumb/v6-m/nofp\libcr_eabihelpers.a(memcpy.o)
 .ARM.attributes
                0x00000000       0x1c c:/nxp/mcuxpressoide_11.0.1_2563/ide/plugins/com.nxp.mcuxpresso.tools.win32_11.0.1.201907311258/tools/bin/../lib/gcc/arm-none-eabi/8.2.1/thumb/v6-m/nofp\libcr_eabihelpers.a(memcpy.o)

Memory Configuration

Name             Origin             Length             Attributes
PROGRAM_FLASH    0x00000000         0x00020000         xr
SRAM             0x1ffff000         0x00004000         xrw
*default*        0x00000000         0xffffffff

Linker script and memory map

LOAD ./source/project2.o
LOAD ./source/led.o
LOAD ./source/mtb.o
LOAD ./source/semihost_hardfault.o
LOAD ./startup/startup_mkl25z4.o
LOAD ./CMSIS/system_MKL25Z4.o
LOAD ./utilities/fsl_debug_console.o
LOAD ./drivers/fsl_clock.o
LOAD ./drivers/fsl_common.o
LOAD ./drivers/fsl_flash.o
LOAD ./drivers/fsl_gpio.o
LOAD ./drivers/fsl_lpsci.o
LOAD ./drivers/fsl_smc.o
LOAD ./drivers/fsl_uart.o
LOAD ./board/board.o
LOAD ./board/clock_config.o
LOAD ./board/peripherals.o
LOAD ./board/pin_mux.o
START GROUP
LOAD c:/nxp/mcuxpressoide_11.0.1_2563/ide/plugins/com.nxp.mcuxpresso.tools.win32_11.0.1.201907311258/tools/bin/../lib/gcc/arm-none-eabi/8.2.1/../../../../arm-none-eabi/lib/thumb/v6-m/nofp\libcr_semihost_nf.a
LOAD c:/nxp/mcuxpressoide_11.0.1_2563/ide/plugins/com.nxp.mcuxpresso.tools.win32_11.0.1.201907311258/tools/bin/../lib/gcc/arm-none-eabi/8.2.1/../../../../arm-none-eabi/lib/thumb/v6-m/nofp\libcr_c.a
LOAD c:/nxp/mcuxpressoide_11.0.1_2563/ide/plugins/com.nxp.mcuxpresso.tools.win32_11.0.1.201907311258/tools/bin/../lib/gcc/arm-none-eabi/8.2.1/thumb/v6-m/nofp\libcr_eabihelpers.a
LOAD c:/nxp/mcuxpressoide_11.0.1_2563/ide/plugins/com.nxp.mcuxpresso.tools.win32_11.0.1.201907311258/tools/bin/../lib/gcc/arm-none-eabi/8.2.1/thumb/v6-m/nofp\libgcc.a
END GROUP
                0x00000000                __base_PROGRAM_FLASH = 0x0
                0x00000000                __base_Flash = 0x0
                0x00020000                __top_PROGRAM_FLASH = 0x20000
                0x00020000                __top_Flash = 0x20000
                0x1ffff000                __base_SRAM = 0x1ffff000
                0x1ffff000                __base_RAM = 0x1ffff000
                0x20003000                __top_SRAM = 0x20003000
                0x20003000                __top_RAM = 0x20003000

.text           0x00000000     0x28fc
 FILL mask 0xff
                0x00000000                __vectors_start__ = ABSOLUTE (.)
 *(.isr_vector)
 .isr_vector    0x00000000       0xc0 ./startup/startup_mkl25z4.o
                0x00000000                g_pfnVectors
                0x00000000                __Vectors
                0x000000c0                . = ALIGN (0x4)
                0x000000c0                __section_table_start = .
                0x000000c0                __data_section_table = .
                0x000000c0        0x4 LONG 0x28fc LOADADDR (.data)
                0x000000c4        0x4 LONG 0x1ffff080 ADDR (.data)
                0x000000c8        0x4 LONG 0x8 SIZEOF (.data)
                0x000000cc                __data_section_table_end = .
                0x000000cc                __bss_section_table = .
                0x000000cc        0x4 LONG 0x1ffff088 ADDR (.bss)
                0x000000d0        0x4 LONG 0x34 SIZEOF (.bss)
                0x000000d4                __bss_section_table_end = .
                0x000000d4                __section_table_end = .
 *(.after_vectors*)
 .after_vectors.init_data
                0x000000d4       0x40 ./startup/startup_mkl25z4.o
                0x000000d4                data_init
 .after_vectors.init_bss
                0x00000114       0x34 ./startup/startup_mkl25z4.o
                0x00000114                bss_init
 .after_vectors.reset
                0x00000148       0x84 ./startup/startup_mkl25z4.o
                0x00000148                ResetISR
 .after_vectors
                0x000001cc      0x1e4 ./startup/startup_mkl25z4.o
                0x000001cc                NMI_Handler
                0x000001d8                SVC_Handler
                0x000001de                PendSV_Handler
                0x000001e4                SysTick_Handler
                0x000001ea                LPTMR0_DriverIRQHandler
                0x000001ea                Reserved39_DriverIRQHandler
                0x000001ea                DMA0_DriverIRQHandler
                0x000001ea                SPI1_DriverIRQHandler
                0x000001ea                I2C0_DriverIRQHandler
                0x000001ea                PORTD_DriverIRQHandler
                0x000001ea                DMA2_DriverIRQHandler
                0x000001ea                CMP0_DriverIRQHandler
                0x000001ea                TPM2_DriverIRQHandler
                0x000001ea                ADC0_DriverIRQHandler
                0x000001ea                SPI0_DriverIRQHandler
                0x000001ea                TSI0_DriverIRQHandler
                0x000001ea                RTC_Seconds_DriverIRQHandler
                0x000001ea                I2C1_DriverIRQHandler
                0x000001ea                DMA1_DriverIRQHandler
                0x000001ea                LLWU_DriverIRQHandler
                0x000001ea                MCG_DriverIRQHandler
                0x000001ea                PIT_DriverIRQHandler
                0x000001ea                RTC_DriverIRQHandler
                0x000001ea                TPM1_DriverIRQHandler
                0x000001ea                FTFA_DriverIRQHandler
                0x000001ea                IntDefaultHandler
                0x000001ea                USB0_DriverIRQHandler
                0x000001ea                DAC0_DriverIRQHandler
                0x000001ea                PORTA_DriverIRQHandler
                0x000001ea                LVD_LVW_DriverIRQHandler
                0x000001ea                TPM0_DriverIRQHandler
                0x000001ea                Reserved45_DriverIRQHandler
                0x000001ea                DMA3_DriverIRQHandler
                0x000001ea                Reserved20_DriverIRQHandler
                0x000001f0                DMA0_IRQHandler
                0x000001fe                DMA1_IRQHandler
                0x0000020c                DMA2_IRQHandler
                0x0000021a                DMA3_IRQHandler
                0x00000228                Reserved20_IRQHandler
                0x00000236                FTFA_IRQHandler
                0x00000244                LVD_LVW_IRQHandler
                0x00000252                LLWU_IRQHandler
                0x00000260                I2C0_IRQHandler
                0x0000026e                I2C1_IRQHandler
                0x0000027c                SPI0_IRQHandler
                0x0000028a                SPI1_IRQHandler
                0x00000298                UART0_IRQHandler
                0x000002a6                UART1_IRQHandler
                0x000002b4                UART2_IRQHandler
                0x000002c2                ADC0_IRQHandler
                0x000002d0                CMP0_IRQHandler
                0x000002de                TPM0_IRQHandler
                0x000002ec                TPM1_IRQHandler
                0x000002fa                TPM2_IRQHandler
                0x00000308                RTC_IRQHandler
                0x00000316                RTC_Seconds_IRQHandler
                0x00000324                PIT_IRQHandler
                0x00000332                Reserved39_IRQHandler
                0x00000340                USB0_IRQHandler
                0x0000034e                DAC0_IRQHandler
                0x0000035c                TSI0_IRQHandler
                0x0000036a                MCG_IRQHandler
                0x00000378                LPTMR0_IRQHandler
                0x00000386                Reserved45_IRQHandler
                0x00000394                PORTA_IRQHandler
                0x000003a2                PORTD_IRQHandler
                0x00000400                . = 0x400
 *fill*         0x000003b0       0x50 ff
                0x00000400                PROVIDE (__FLASH_CONFIG_START__ = .)
 *(.FlashConfig)
 .FlashConfig   0x00000400       0x10 ./startup/startup_mkl25z4.o
                0x00000400                Flash_Config
                0x00000410                PROVIDE (__FLASH_CONFIG_END__ = .)
                0x00000001                ASSERT (! ((__FLASH_CONFIG_START__ == __FLASH_CONFIG_END__)), Linker Flash Config Support Enabled, but no .FlashConfig section provided within application)
 *(.text*)
 .text.main     0x00000410      0x108 ./source/project2.o
                0x00000410                main
 .text.delay    0x00000518       0x20 ./source/project2.o
                0x00000518                delay
 .text.GPIO_WritePinOutput
                0x00000538       0x34 ./source/led.o
 .text.GPIO_TogglePinsOutput
                0x0000056c       0x18 ./source/led.o
 .text.initializeLEDs
                0x00000584       0x60 ./source/led.o
                0x00000584                initializeLEDs
 .text.toggleLED
                0x000005e4      0x10c ./source/led.o
                0x000005e4                toggleLED
 .text.HardFault_Handler
                0x000006f0       0x30 ./source/semihost_hardfault.o
                0x000006f0                HardFault_Handler
 .text.SystemInit
                0x00000720       0x18 ./CMSIS/system_MKL25Z4.o
                0x00000720                SystemInit
 .text.UART_EnableTx
                0x00000738       0x40 ./utilities/fsl_debug_console.o
 .text.UART_EnableRx
                0x00000778       0x40 ./utilities/fsl_debug_console.o
 .text.LPSCI_EnableTx
                0x000007b8       0x40 ./utilities/fsl_debug_console.o
 .text.LPSCI_EnableRx
                0x000007f8       0x40 ./utilities/fsl_debug_console.o
 .text.DbgConsole_Init
                0x00000838       0xf0 ./utilities/fsl_debug_console.o
                0x00000838                DbgConsole_Init
 .text.DbgConsole_Printf
                0x00000928       0x44 ./utilities/fsl_debug_console.o
                0x00000928                DbgConsole_Printf
 .text.DbgConsole_Putchar
                0x0000096c       0x34 ./utilities/fsl_debug_console.o
                0x0000096c                DbgConsole_Putchar
 .text.DbgConsole_PrintfPaddingCharacter
                0x000009a0       0x46 ./utilities/fsl_debug_console.o
 .text.DbgConsole_ConvertRadixNumToString
                0x000009e6      0x114 ./utilities/fsl_debug_console.o
 .text.DbgConsole_PrintfFormattedData
                0x00000afa      0x336 ./utilities/fsl_debug_console.o
 .text.CLOCK_SetEr32kClock
                0x00000e30       0x34 ./drivers/fsl_clock.o
 .text.CLOCK_SetPllFllSelClock
                0x00000e64       0x38 ./drivers/fsl_clock.o
 .text.OSC_SetExtRefClkConfig
                0x00000e9c       0x3e ./drivers/fsl_clock.o
 .text.OSC_SetCapLoad
                0x00000eda       0x42 ./drivers/fsl_clock.o
 .text.CLOCK_GetMcgExtClkFreq
                0x00000f1c       0x34 ./drivers/fsl_clock.o
 .text.CLOCK_GetFllExtRefClkFreq
                0x00000f50       0xa4 ./drivers/fsl_clock.o
 .text.CLOCK_GetFllRefClkFreq
                0x00000ff4       0x2c ./drivers/fsl_clock.o
 .text.CLOCK_GetPll0RefFreq
                0x00001020       0x10 ./drivers/fsl_clock.o
 .text.CLOCK_GetOscRangeFromFreq
                0x00001030       0x4c ./drivers/fsl_clock.o
 .text.CLOCK_GetPllFllSelClkFreq
                0x0000107c       0x4c ./drivers/fsl_clock.o
                0x0000107c                CLOCK_GetPllFllSelClkFreq
 .text.CLOCK_SetSimConfig
                0x000010c8       0x38 ./drivers/fsl_clock.o
                0x000010c8                CLOCK_SetSimConfig
 .text.CLOCK_GetFllFreq
                0x00001100       0x84 ./drivers/fsl_clock.o
                0x00001100                CLOCK_GetFllFreq
 .text.CLOCK_GetPll0Freq
                0x00001184       0x80 ./drivers/fsl_clock.o
                0x00001184                CLOCK_GetPll0Freq
 .text.CLOCK_SetExternalRefClkConfig
                0x00001204       0x16 ./drivers/fsl_clock.o
                0x00001204                CLOCK_SetExternalRefClkConfig
 *fill*         0x0000121a        0x2 ff
 .text.CLOCK_SetInternalRefClkConfig
                0x0000121c      0x124 ./drivers/fsl_clock.o
                0x0000121c                CLOCK_SetInternalRefClkConfig
 .text.CLOCK_EnablePll0
                0x00001340       0xa0 ./drivers/fsl_clock.o
                0x00001340                CLOCK_EnablePll0
 .text.CLOCK_InitOsc0
                0x000013e0       0x94 ./drivers/fsl_clock.o
                0x000013e0                CLOCK_InitOsc0
 .text.CLOCK_SetPbeMode
                0x00001474       0xc0 ./drivers/fsl_clock.o
                0x00001474                CLOCK_SetPbeMode
 .text.CLOCK_BootToPeeMode
                0x00001534       0x80 ./drivers/fsl_clock.o
                0x00001534                CLOCK_BootToPeeMode
 .text.__assert_func
                0x000015b4       0x28 ./drivers/fsl_common.o
                0x000015b4                __assert_func
 .text.CLOCK_EnableClock
                0x000015dc       0x34 ./drivers/fsl_lpsci.o
 .text.LPSCI_GetInstance
                0x00001610       0x54 ./drivers/fsl_lpsci.o
                0x00001610                LPSCI_GetInstance
 .text.LPSCI_Init
                0x00001664      0x268 ./drivers/fsl_lpsci.o
                0x00001664                LPSCI_Init
 .text.LPSCI_GetDefaultConfig
                0x000018cc       0x54 ./drivers/fsl_lpsci.o
                0x000018cc                LPSCI_GetDefaultConfig
 .text.LPSCI_GetStatusFlags
                0x00001920       0x26 ./drivers/fsl_lpsci.o
                0x00001920                LPSCI_GetStatusFlags
 *fill*         0x00001946        0x2 ff
 .text.LPSCI_ClearStatusFlags
                0x00001948       0x94 ./drivers/fsl_lpsci.o
                0x00001948                LPSCI_ClearStatusFlags
 .text.LPSCI_WriteBlocking
                0x000019dc       0x5c ./drivers/fsl_lpsci.o
                0x000019dc                LPSCI_WriteBlocking
 .text.LPSCI_ReadBlocking
                0x00001a38       0xd0 ./drivers/fsl_lpsci.o
                0x00001a38                LPSCI_ReadBlocking
 .text.UART0_DriverIRQHandler
                0x00001b08       0x24 ./drivers/fsl_lpsci.o
                0x00001b08                UART0_DriverIRQHandler
 .text.CLOCK_EnableClock
                0x00001b2c       0x34 ./drivers/fsl_uart.o
 .text.UART_GetInstance
                0x00001b60       0x60 ./drivers/fsl_uart.o
                0x00001b60                UART_GetInstance
 .text.UART_Init
                0x00001bc0      0x1f0 ./drivers/fsl_uart.o
                0x00001bc0                UART_Init
 .text.UART_GetDefaultConfig
                0x00001db0       0x54 ./drivers/fsl_uart.o
                0x00001db0                UART_GetDefaultConfig
 .text.UART_GetStatusFlags
                0x00001e04       0x26 ./drivers/fsl_uart.o
                0x00001e04                UART_GetStatusFlags
 .text.UART_WriteBlocking
                0x00001e2a       0x3a ./drivers/fsl_uart.o
                0x00001e2a                UART_WriteBlocking
 .text.UART_ReadBlocking
                0x00001e64       0xa8 ./drivers/fsl_uart.o
                0x00001e64                UART_ReadBlocking
 .text.UART1_DriverIRQHandler
                0x00001f0c       0x24 ./drivers/fsl_uart.o
                0x00001f0c                UART1_DriverIRQHandler
 .text.UART2_DriverIRQHandler
                0x00001f30       0x24 ./drivers/fsl_uart.o
                0x00001f30                UART2_DriverIRQHandler
 .text.CLOCK_SetLpsci0Clock
                0x00001f54       0x38 ./board/board.o
 .text.BOARD_InitDebugConsole
                0x00001f8c       0x30 ./board/board.o
                0x00001f8c                BOARD_InitDebugConsole
 .text.CLOCK_SetSimSafeDivs
                0x00001fbc       0x20 ./board/clock_config.o
 .text.CLOCK_SetXtal0Freq
                0x00001fdc       0x1c ./board/clock_config.o
 .text.CLOCK_CONFIG_SetFllExtRefDiv
                0x00001ff8       0x3c ./board/clock_config.o
 .text.BOARD_InitBootClocks
                0x00002034        0xe ./board/clock_config.o
                0x00002034                BOARD_InitBootClocks
 *fill*         0x00002042        0x2 ff
 .text.BOARD_BootClockRUN
                0x00002044       0x64 ./board/clock_config.o
                0x00002044                BOARD_BootClockRUN
 .text.BOARD_InitBootPeripherals
                0x000020a8        0xa ./board/peripherals.o
                0x000020a8                BOARD_InitBootPeripherals
 *fill*         0x000020b2        0x2 ff
 .text.CLOCK_EnableClock
                0x000020b4       0x34 ./board/pin_mux.o
 .text.PORT_SetPinMux
                0x000020e8       0x40 ./board/pin_mux.o
 .text.BOARD_InitBootPins
                0x00002128        0xe ./board/pin_mux.o
                0x00002128                BOARD_InitBootPins
 *fill*         0x00002136        0x2 ff
 .text.BOARD_InitPins
                0x00002138       0x90 ./board/pin_mux.o
                0x00002138                BOARD_InitPins
 .text.strlen   0x000021c8       0x58 c:/nxp/mcuxpressoide_11.0.1_2563/ide/plugins/com.nxp.mcuxpresso.tools.win32_11.0.1.201907311258/tools/bin/../lib/gcc/arm-none-eabi/8.2.1/../../../../arm-none-eabi/lib/thumb/v6-m/nofp\libcr_c.a(strlen.o)
                0x000021c8                strlen
 .text.__aeabi_division_idivmod
                0x00002220       0x78 c:/nxp/mcuxpressoide_11.0.1_2563/ide/plugins/com.nxp.mcuxpresso.tools.win32_11.0.1.201907311258/tools/bin/../lib/gcc/arm-none-eabi/8.2.1/thumb/v6-m/nofp\libcr_eabihelpers.a(division_32.o)
                0x00002220                __aeabi_idivmod
                0x00002220                __aeabi_idiv
                0x00002226                __aeabi_uidivmod
                0x00002226                __aeabi_uidiv
 .text.__aeabi_division_idiv0
                0x00002298        0x2 c:/nxp/mcuxpressoide_11.0.1_2563/ide/plugins/com.nxp.mcuxpresso.tools.win32_11.0.1.201907311258/tools/bin/../lib/gcc/arm-none-eabi/8.2.1/thumb/v6-m/nofp\libcr_eabihelpers.a(division_idiv0.o)
                0x00002298                __aeabi_idiv0
 *fill*         0x0000229a        0x2 ff
 .text.__aeabi_dmul
                0x0000229c      0x188 c:/nxp/mcuxpressoide_11.0.1_2563/ide/plugins/com.nxp.mcuxpresso.tools.win32_11.0.1.201907311258/tools/bin/../lib/gcc/arm-none-eabi/8.2.1/thumb/v6-m/nofp\libcr_eabihelpers.a(double.o)
                0x0000229c                __aeabi_dmul
 .text.__aeabi_d2uiz
                0x00002424       0x34 c:/nxp/mcuxpressoide_11.0.1_2563/ide/plugins/com.nxp.mcuxpresso.tools.win32_11.0.1.201907311258/tools/bin/../lib/gcc/arm-none-eabi/8.2.1/thumb/v6-m/nofp\libcr_eabihelpers.a(double.o)
                0x00002424                __aeabi_d2uiz
 .text.__bhs_ui2d
                0x00002458       0x5e c:/nxp/mcuxpressoide_11.0.1_2563/ide/plugins/com.nxp.mcuxpresso.tools.win32_11.0.1.201907311258/tools/bin/../lib/gcc/arm-none-eabi/8.2.1/thumb/v6-m/nofp\libcr_eabihelpers.a(double.o)
                0x00002458                __bhs_ui2d
 .text.__aeabi_ui2d
                0x000024b6        0xc c:/nxp/mcuxpressoide_11.0.1_2563/ide/plugins/com.nxp.mcuxpresso.tools.win32_11.0.1.201907311258/tools/bin/../lib/gcc/arm-none-eabi/8.2.1/thumb/v6-m/nofp\libcr_eabihelpers.a(double.o)
                0x000024b6                __aeabi_ui2d
 .text.__aeabi_llong_lmul
                0x000024c2       0x2e c:/nxp/mcuxpressoide_11.0.1_2563/ide/plugins/com.nxp.mcuxpresso.tools.win32_11.0.1.201907311258/tools/bin/../lib/gcc/arm-none-eabi/8.2.1/thumb/v6-m/nofp\libcr_eabihelpers.a(llong.o)
                0x000024c2                __aeabi_lmul
 *(.rodata .rodata.* .constdata .constdata.*)
 .rodata.delayLookup
                0x000024f0       0x50 ./source/project2.o
 .rodata        0x00002540        0xd ./source/project2.o
 *fill*         0x0000254d        0x3 ff
 .rodata        0x00002550       0x69 ./source/led.o
 *fill*         0x000025b9        0x3 ff
 .rodata        0x000025bc       0x47 ./drivers/fsl_clock.o
 *fill*         0x00002603        0x1 ff
 .rodata.__func__.5326
                0x00002604       0x17 ./drivers/fsl_clock.o
 *fill*         0x0000261b        0x1 ff
 .rodata.fllFactorTable.5432
                0x0000261c       0x10 ./drivers/fsl_clock.o
 .rodata.__func__.5447
                0x0000262c       0x12 ./drivers/fsl_clock.o
 *fill*         0x0000263e        0x2 ff
 .rodata.__func__.5487
                0x00002640       0x11 ./drivers/fsl_clock.o
 *fill*         0x00002651        0x3 ff
 .rodata.__func__.5624
                0x00002654       0x11 ./drivers/fsl_clock.o
 *fill*         0x00002665        0x3 ff
 .rodata.__func__.5691
                0x00002668       0x14 ./drivers/fsl_clock.o
 .rodata        0x0000267c       0x3e ./drivers/fsl_common.o
 *fill*         0x000026ba        0x2 ff
 .rodata        0x000026bc       0xb2 ./drivers/fsl_lpsci.o
 *fill*         0x0000276e        0x2 ff
 .rodata.__func__.5507
                0x00002770       0x12 ./drivers/fsl_lpsci.o
 *fill*         0x00002782        0x2 ff
 .rodata.__func__.5543
                0x00002784        0xb ./drivers/fsl_lpsci.o
 *fill*         0x0000278f        0x1 ff
 .rodata.__func__.5564
                0x00002790       0x17 ./drivers/fsl_lpsci.o
 *fill*         0x000027a7        0x1 ff
 .rodata.__func__.5609
                0x000027a8       0x14 ./drivers/fsl_lpsci.o
 .rodata.__func__.5621
                0x000027bc       0x13 ./drivers/fsl_lpsci.o
 *fill*         0x000027cf        0x1 ff
 .rodata.s_uartBases
                0x000027d0        0xc ./drivers/fsl_uart.o
 .rodata.s_uartClock
                0x000027dc        0xc ./drivers/fsl_uart.o
 .rodata        0x000027e8       0xaa ./drivers/fsl_uart.o
 *fill*         0x00002892        0x2 ff
 .rodata.__func__.5510
                0x00002894       0x11 ./drivers/fsl_uart.o
 *fill*         0x000028a5        0x3 ff
 .rodata.__func__.5526
                0x000028a8        0xa ./drivers/fsl_uart.o
 *fill*         0x000028b2        0x2 ff
 .rodata.__func__.5539
                0x000028b4       0x16 ./drivers/fsl_uart.o
 *fill*         0x000028ca        0x2 ff
 .rodata.__func__.5597
                0x000028cc       0x12 ./drivers/fsl_uart.o
 *fill*         0x000028de        0x2 ff
 .rodata.mcgConfig_BOARD_BootClockRUN
                0x000028e0        0xa ./board/clock_config.o
                0x000028e0                mcgConfig_BOARD_BootClockRUN
 *fill*         0x000028ea        0x2 ff
 .rodata.simConfig_BOARD_BootClockRUN
                0x000028ec        0x8 ./board/clock_config.o
                0x000028ec                simConfig_BOARD_BootClockRUN
 .rodata.oscConfig_BOARD_BootClockRUN
                0x000028f4        0x8 ./board/clock_config.o
                0x000028f4                oscConfig_BOARD_BootClockRUN
                0x000028fc                . = ALIGN (0x4)

.glue_7         0x000028fc        0x0
 .glue_7        0x000028fc        0x0 linker stubs

.glue_7t        0x000028fc        0x0
 .glue_7t       0x000028fc        0x0 linker stubs

.vfp11_veneer   0x000028fc        0x0
 .vfp11_veneer  0x000028fc        0x0 linker stubs

.v4_bx          0x000028fc        0x0
 .v4_bx         0x000028fc        0x0 linker stubs

.iplt           0x000028fc        0x0
 .iplt          0x000028fc        0x0 ./source/project2.o

.rel.dyn        0x000028fc        0x0
 .rel.iplt      0x000028fc        0x0 ./source/project2.o

.ARM.extab
 *(.ARM.extab* .gnu.linkonce.armextab.*)
                0x000028fc                __exidx_start = .

.ARM.exidx
 *(.ARM.exidx* .gnu.linkonce.armexidx.*)
                0x000028fc                __exidx_end = .
                0x000028fc                _etext = .

.m_usb_data
 *(m_usb_bdt)

.mtb_buffer_default
                0x1ffff000       0x80
 *(.mtb*)
 .mtb.$RAM1     0x1ffff000       0x80 ./source/mtb.o
                0x1ffff000                __mtb_buffer__

.uninit_RESERVED
                0x1ffff080        0x0
                0x1ffff080                . = ALIGN (0x4)
 *(.bss.$RESERVED*)
                0x1ffff080                . = ALIGN (0x4)
                0x1ffff080                _end_uninit_RESERVED = .

.data           0x1ffff080        0x8 load address 0x000028fc
 FILL mask 0xff
                0x1ffff080                _data = .
 *(vtable)
 *(.ramfunc*)
 *(CodeQuickAccess)
 *(DataQuickAccess)
 *(RamFunction)
 *(.data*)
 .data.SystemCoreClock
                0x1ffff080        0x4 ./CMSIS/system_MKL25Z4.o
                0x1ffff080                SystemCoreClock
 .data.s_slowIrcFreq
                0x1ffff084        0x4 ./drivers/fsl_clock.o
                0x1ffff088                . = ALIGN (0x4)
                0x1ffff088                _edata = .

.igot.plt       0x1ffff088        0x0 load address 0x00002904
 .igot.plt      0x1ffff088        0x0 ./source/project2.o

.bss            0x1ffff088       0x34 load address 0x00002904
                0x1ffff088                . = ALIGN (0x4)
                0x1ffff088                _bss = .
 *(.bss*)
 .bss.i.5376    0x1ffff088        0x4 ./source/project2.o
 .bss.s_debugConsole
                0x1ffff08c       0x10 ./utilities/fsl_debug_console.o
 .bss.s_lpsciHandle
                0x1ffff09c        0x4 ./drivers/fsl_lpsci.o
 .bss.s_lpsciIsr
                0x1ffff0a0        0x4 ./drivers/fsl_lpsci.o
 .bss.s_uartHandle
                0x1ffff0a4        0xc ./drivers/fsl_uart.o
 .bss.s_uartIsr
                0x1ffff0b0        0x4 ./drivers/fsl_uart.o
 *(COMMON)
 COMMON         0x1ffff0b4        0x8 ./drivers/fsl_clock.o
                0x1ffff0b4                g_xtal32Freq
                0x1ffff0b8                g_xtal0Freq
                0x1ffff0bc                . = ALIGN (0x4)
                0x1ffff0bc                _ebss = .
                [!provide]                PROVIDE (end = .)

.noinit         0x1ffff0bc        0x0 load address 0x00002904
                0x1ffff0bc                . = ALIGN (0x4)
                0x1ffff0bc                _noinit = .
 *(.noinit*)
                0x1ffff0bc                . = ALIGN (0x4)
                0x1ffff0bc                _end_noinit = .
                0x00000400                _HeapSize = 0x400

.heap           0x1ffff0bc      0x400 load address 0x00002904
                0x1ffff0bc                _pvHeapStart = .
                0x1ffff4bc                . = (. + _HeapSize)
 *fill*         0x1ffff0bc      0x400 
                0x1ffff4bc                . = ALIGN (0x4)
                0x1ffff4bc                _pvHeapLimit = .
                0x00000400                _StackSize = 0x400

.heap2stackfill
                0x1ffff4bc      0x400 load address 0x00002904
                0x1ffff8bc                . = (. + _StackSize)
 *fill*         0x1ffff4bc      0x400 

.stack          0x20002c00        0x0
                0x20002c00                _vStackBase = .
                0x20002c00                . = ALIGN (0x4)
                0x20003000                _vStackTop = (. + _StackSize)
                0x00000000                _image_start = LOADADDR (.text)
                0x00002904                _image_end = (LOADADDR (.data) + SIZEOF (.data))
                0x00002904                _image_size = (_image_end - _image_start)
OUTPUT(./project2.axf elf32-littlearm)

.debug_info     0x00000000     0xddea
 .debug_info    0x00000000      0xeaa ./source/project2.o
 .debug_info    0x00000eaa      0xdc8 ./source/led.o
 .debug_info    0x00001c72       0x4f ./source/mtb.o
 .debug_info    0x00001cc1       0x38 ./source/semihost_hardfault.o
 .debug_info    0x00001cf9      0x4f5 ./startup/startup_mkl25z4.o
 .debug_info    0x000021ee      0x421 ./CMSIS/system_MKL25Z4.o
 .debug_info    0x0000260f     0x17de ./utilities/fsl_debug_console.o
 .debug_info    0x00003ded     0x2409 ./drivers/fsl_clock.o
 .debug_info    0x000061f6      0xce0 ./drivers/fsl_common.o
 .debug_info    0x00006ed6     0x1f25 ./drivers/fsl_lpsci.o
 .debug_info    0x00008dfb     0x1ea2 ./drivers/fsl_uart.o
 .debug_info    0x0000ac9d      0xf78 ./board/board.o
 .debug_info    0x0000bc15     0x137c ./board/clock_config.o
 .debug_info    0x0000cf91       0x38 ./board/peripherals.o
 .debug_info    0x0000cfc9      0xe21 ./board/pin_mux.o

.debug_abbrev   0x00000000     0x22f3
 .debug_abbrev  0x00000000      0x276 ./source/project2.o
 .debug_abbrev  0x00000276      0x284 ./source/led.o
 .debug_abbrev  0x000004fa       0x43 ./source/mtb.o
 .debug_abbrev  0x0000053d       0x2e ./source/semihost_hardfault.o
 .debug_abbrev  0x0000056b      0x17b ./startup/startup_mkl25z4.o
 .debug_abbrev  0x000006e6      0x12b ./CMSIS/system_MKL25Z4.o
 .debug_abbrev  0x00000811      0x389 ./utilities/fsl_debug_console.o
 .debug_abbrev  0x00000b9a      0x436 ./drivers/fsl_clock.o
 .debug_abbrev  0x00000fd0      0x379 ./drivers/fsl_common.o
 .debug_abbrev  0x00001349      0x3c2 ./drivers/fsl_lpsci.o
 .debug_abbrev  0x0000170b      0x3dc ./drivers/fsl_uart.o
 .debug_abbrev  0x00001ae7      0x259 ./board/board.o
 .debug_abbrev  0x00001d40      0x2e5 ./board/clock_config.o
 .debug_abbrev  0x00002025       0x2e ./board/peripherals.o
 .debug_abbrev  0x00002053      0x2a0 ./board/pin_mux.o

.debug_aranges  0x00000000      0x7f0
 .debug_aranges
                0x00000000       0x28 ./source/project2.o
 .debug_aranges
                0x00000028       0x38 ./source/led.o
 .debug_aranges
                0x00000060       0x18 ./source/mtb.o
 .debug_aranges
                0x00000078       0x20 ./source/semihost_hardfault.o
 .debug_aranges
                0x00000098      0x160 ./startup/startup_mkl25z4.o
 .debug_aranges
                0x000001f8       0x28 ./CMSIS/system_MKL25Z4.o
 .debug_aranges
                0x00000220       0xa0 ./utilities/fsl_debug_console.o
 .debug_aranges
                0x000002c0      0x1d8 ./drivers/fsl_clock.o
 .debug_aranges
                0x00000498       0x38 ./drivers/fsl_common.o
 .debug_aranges
                0x000004d0      0x118 ./drivers/fsl_lpsci.o
 .debug_aranges
                0x000005e8      0x130 ./drivers/fsl_uart.o
 .debug_aranges
                0x00000718       0x28 ./board/board.o
 .debug_aranges
                0x00000740       0x58 ./board/clock_config.o
 .debug_aranges
                0x00000798       0x20 ./board/peripherals.o
 .debug_aranges
                0x000007b8       0x38 ./board/pin_mux.o

.debug_ranges   0x00000000      0x6f8
 .debug_ranges  0x00000000       0x18 ./source/project2.o
 .debug_ranges  0x00000018       0x28 ./source/led.o
 .debug_ranges  0x00000040       0x10 ./source/semihost_hardfault.o
 .debug_ranges  0x00000050      0x150 ./startup/startup_mkl25z4.o
 .debug_ranges  0x000001a0       0x18 ./CMSIS/system_MKL25Z4.o
 .debug_ranges  0x000001b8       0x90 ./utilities/fsl_debug_console.o
 .debug_ranges  0x00000248      0x1c8 ./drivers/fsl_clock.o
 .debug_ranges  0x00000410       0x28 ./drivers/fsl_common.o
 .debug_ranges  0x00000438      0x108 ./drivers/fsl_lpsci.o
 .debug_ranges  0x00000540      0x120 ./drivers/fsl_uart.o
 .debug_ranges  0x00000660       0x18 ./board/board.o
 .debug_ranges  0x00000678       0x48 ./board/clock_config.o
 .debug_ranges  0x000006c0       0x10 ./board/peripherals.o
 .debug_ranges  0x000006d0       0x28 ./board/pin_mux.o

.debug_line     0x00000000     0x53a6
 .debug_line    0x00000000      0x30b ./source/project2.o
 .debug_line    0x0000030b      0x345 ./source/led.o
 .debug_line    0x00000650       0x30 ./source/mtb.o
 .debug_line    0x00000680       0x5a ./source/semihost_hardfault.o
 .debug_line    0x000006da      0x249 ./startup/startup_mkl25z4.o
 .debug_line    0x00000923      0x2c0 ./CMSIS/system_MKL25Z4.o
 .debug_line    0x00000be3      0xcfb ./utilities/fsl_debug_console.o
 .debug_line    0x000018de     0x12d3 ./drivers/fsl_clock.o
 .debug_line    0x00002bb1      0x3e8 ./drivers/fsl_common.o
 .debug_line    0x00002f99      0xd57 ./drivers/fsl_lpsci.o
 .debug_line    0x00003cf0      0xd45 ./drivers/fsl_uart.o
 .debug_line    0x00004a35      0x2a9 ./board/board.o
 .debug_line    0x00004cde      0x386 ./board/clock_config.o
 .debug_line    0x00005064       0x4b ./board/peripherals.o
 .debug_line    0x000050af      0x2f7 ./board/pin_mux.o

.debug_str      0x00000000     0x3ff7
 .debug_str     0x00000000      0xd65 ./source/project2.o
                                0xdeb (size before relaxing)
 .debug_str     0x00000d65       0x93 ./source/led.o
                                0x9ce (size before relaxing)
 .debug_str     0x00000df8       0x1f ./source/mtb.o
                                0x13d (size before relaxing)
 .debug_str     0x00000e17       0x31 ./source/semihost_hardfault.o
                                0x13d (size before relaxing)
 .debug_str     0x00000e48      0x382 ./startup/startup_mkl25z4.o
                                0x4b3 (size before relaxing)
 .debug_str     0x000011ca      0x145 ./CMSIS/system_MKL25Z4.o
                                0x314 (size before relaxing)
 .debug_str     0x0000130f      0x6ee ./utilities/fsl_debug_console.o
                               0x1198 (size before relaxing)
 .debug_str     0x000019fd      0xcfa ./drivers/fsl_clock.o
                               0x1bc7 (size before relaxing)
 .debug_str     0x000026f7      0x307 ./drivers/fsl_common.o
                                0x8cb (size before relaxing)
 .debug_str     0x000029fe      0x9c4 ./drivers/fsl_lpsci.o
                               0x198f (size before relaxing)
 .debug_str     0x000033c2      0x819 ./drivers/fsl_uart.o
                               0x199b (size before relaxing)
 .debug_str     0x00003bdb       0x4c ./board/board.o
                                0xa52 (size before relaxing)
 .debug_str     0x00003c27      0x237 ./board/clock_config.o
                               0x1190 (size before relaxing)
 .debug_str     0x00003e5e       0x31 ./board/peripherals.o
                                0x13d (size before relaxing)
 .debug_str     0x00003e8f      0x168 ./board/pin_mux.o
                                0x999 (size before relaxing)

.comment        0x00000000       0x75
 .comment       0x00000000       0x75 ./source/project2.o
                                 0x76 (size before relaxing)
 .comment       0x00000075       0x76 ./source/led.o
 .comment       0x00000075       0x76 ./source/mtb.o
 .comment       0x00000075       0x76 ./source/semihost_hardfault.o
 .comment       0x00000075       0x76 ./startup/startup_mkl25z4.o
 .comment       0x00000075       0x76 ./CMSIS/system_MKL25Z4.o
 .comment       0x00000075       0x76 ./utilities/fsl_debug_console.o
 .comment       0x00000075       0x76 ./drivers/fsl_clock.o
 .comment       0x00000075       0x76 ./drivers/fsl_common.o
 .comment       0x00000075       0x76 ./drivers/fsl_lpsci.o
 .comment       0x00000075       0x76 ./drivers/fsl_uart.o
 .comment       0x00000075       0x76 ./board/board.o
 .comment       0x00000075       0x76 ./board/clock_config.o
 .comment       0x00000075       0x76 ./board/peripherals.o
 .comment       0x00000075       0x76 ./board/pin_mux.o
 .comment       0x00000075       0x76 c:/nxp/mcuxpressoide_11.0.1_2563/ide/plugins/com.nxp.mcuxpresso.tools.win32_11.0.1.201907311258/tools/bin/../lib/gcc/arm-none-eabi/8.2.1/../../../../arm-none-eabi/lib/thumb/v6-m/nofp\libcr_c.a(strlen.o)
 .comment       0x00000075       0x76 c:/nxp/mcuxpressoide_11.0.1_2563/ide/plugins/com.nxp.mcuxpresso.tools.win32_11.0.1.201907311258/tools/bin/../lib/gcc/arm-none-eabi/8.2.1/thumb/v6-m/nofp\libcr_eabihelpers.a(double.o)

.ARM.attributes
                0x00000000       0x2a
 .ARM.attributes
                0x00000000       0x2c ./source/project2.o
 .ARM.attributes
                0x0000002c       0x2c ./source/led.o
 .ARM.attributes
                0x00000058       0x32 ./source/mtb.o
 .ARM.attributes
                0x0000008a       0x2c ./source/semihost_hardfault.o
 .ARM.attributes
                0x000000b6       0x2c ./startup/startup_mkl25z4.o
 .ARM.attributes
                0x000000e2       0x2c ./CMSIS/system_MKL25Z4.o
 .ARM.attributes
                0x0000010e       0x2c ./utilities/fsl_debug_console.o
 .ARM.attributes
                0x0000013a       0x2c ./drivers/fsl_clock.o
 .ARM.attributes
                0x00000166       0x2c ./drivers/fsl_common.o
 .ARM.attributes
                0x00000192       0x2c ./drivers/fsl_lpsci.o
 .ARM.attributes
                0x000001be       0x2c ./drivers/fsl_uart.o
 .ARM.attributes
                0x000001ea       0x2c ./board/board.o
 .ARM.attributes
                0x00000216       0x2c ./board/clock_config.o
 .ARM.attributes
                0x00000242       0x2c ./board/peripherals.o
 .ARM.attributes
                0x0000026e       0x2c ./board/pin_mux.o
 .ARM.attributes
                0x0000029a       0x2c c:/nxp/mcuxpressoide_11.0.1_2563/ide/plugins/com.nxp.mcuxpresso.tools.win32_11.0.1.201907311258/tools/bin/../lib/gcc/arm-none-eabi/8.2.1/../../../../arm-none-eabi/lib/thumb/v6-m/nofp\libcr_c.a(strlen.o)
 .ARM.attributes
                0x000002c6       0x1c c:/nxp/mcuxpressoide_11.0.1_2563/ide/plugins/com.nxp.mcuxpresso.tools.win32_11.0.1.201907311258/tools/bin/../lib/gcc/arm-none-eabi/8.2.1/thumb/v6-m/nofp\libcr_eabihelpers.a(division_32.o)
 .ARM.attributes
                0x000002e2       0x1c c:/nxp/mcuxpressoide_11.0.1_2563/ide/plugins/com.nxp.mcuxpresso.tools.win32_11.0.1.201907311258/tools/bin/../lib/gcc/arm-none-eabi/8.2.1/thumb/v6-m/nofp\libcr_eabihelpers.a(division_idiv0.o)
 .ARM.attributes
                0x000002fe       0x2c c:/nxp/mcuxpressoide_11.0.1_2563/ide/plugins/com.nxp.mcuxpresso.tools.win32_11.0.1.201907311258/tools/bin/../lib/gcc/arm-none-eabi/8.2.1/thumb/v6-m/nofp\libcr_eabihelpers.a(double.o)
 .ARM.attributes
                0x0000032a       0x1c c:/nxp/mcuxpressoide_11.0.1_2563/ide/plugins/com.nxp.mcuxpresso.tools.win32_11.0.1.201907311258/tools/bin/../lib/gcc/arm-none-eabi/8.2.1/thumb/v6-m/nofp\libcr_eabihelpers.a(llong.o)

.debug_frame    0x00000000     0x1a08
 .debug_frame   0x00000000       0x50 ./source/project2.o
 .debug_frame   0x00000050       0x8c ./source/led.o
 .debug_frame   0x000000dc       0x20 ./source/semihost_hardfault.o
 .debug_frame   0x000000fc      0x498 ./startup/startup_mkl25z4.o
 .debug_frame   0x00000594       0x4c ./CMSIS/system_MKL25Z4.o
 .debug_frame   0x000005e0      0x230 ./utilities/fsl_debug_console.o
 .debug_frame   0x00000810      0x6e4 ./drivers/fsl_clock.o
 .debug_frame   0x00000ef4       0x90 ./drivers/fsl_common.o
 .debug_frame   0x00000f84      0x418 ./drivers/fsl_lpsci.o
 .debug_frame   0x0000139c      0x468 ./drivers/fsl_uart.o
 .debug_frame   0x00001804       0x50 ./board/board.o
 .debug_frame   0x00001854      0x100 ./board/clock_config.o
 .debug_frame   0x00001954       0x2c ./board/peripherals.o
 .debug_frame   0x00001980       0x88 ./board/pin_mux.o
